Component: ARM Compiler 5.05 update 1 (build 106) Tool: armlink [4d0efa]

==============================================================================

Section Cross References

    main.o(i.main) refers to misc.o(i.NVIC_PriorityGroupConfig) for NVIC_PriorityGroupConfig
    main.o(i.main) refers to usart.o(i.uart_init) for uart_init
    main.o(i.main) refers to delay.o(i.delay_init) for delay_init
    main.o(i.main) refers to delay.o(i.delay_ms) for delay_ms
    main.o(i.main) refers to mpu6050.o(i.MPU_Init) for MPU_Init
    main.o(i.main) refers to usart3.o(i.usart2_init) for usart2_init
    main.o(i.main) refers to usart3.o(i.u2_printf) for u2_printf
    main.o(i.main) refers to inv_mpu.o(i.mpu_dmp_init) for mpu_dmp_init
    main.o(i.main) refers to timer.o(i.PWMIO_Init) for PWMIO_Init
    main.o(i.main) refers to timer.o(i.TIM3_Int_Init) for TIM3_Int_Init
    main.o(i.main) refers to inv_mpu.o(i.mpu_dmp_get_data) for mpu_dmp_get_data
    main.o(i.main) refers to f2d.o(x$fpl$f2d) for __aeabi_f2d
    main.o(i.main) refers to usart3.o(.data) for USART3_RX_STA
    main.o(i.main) refers to main.o(.data) for yaw
    main.o(i.main) refers to usart3.o(.bss) for USART3_RX_BUF
    main.o(i.usart1_send_char) refers to stm32f10x_usart.o(i.USART_GetFlagStatus) for USART_GetFlagStatus
    main.o(i.usart1_send_char) refers to stm32f10x_usart.o(i.USART_SendData) for USART_SendData
    system_stm32f10x.o(i.SetSysClock) refers to system_stm32f10x.o(i.SetSysClockTo72) for SetSysClockTo72
    system_stm32f10x.o(i.SystemCoreClockUpdate) refers to system_stm32f10x.o(.data) for SystemCoreClock
    system_stm32f10x.o(i.SystemInit) refers to system_stm32f10x.o(i.SetSysClock) for SetSysClock
    led.o(i.LED_Init) refers to stm32f10x_rcc.o(i.RCC_APB2PeriphClockCmd) for RCC_APB2PeriphClockCmd
    led.o(i.LED_Init) refers to stm32f10x_gpio.o(i.GPIO_Init) for GPIO_Init
    led.o(i.LED_Init) refers to stm32f10x_gpio.o(i.GPIO_SetBits) for GPIO_SetBits
    key.o(i.KEY_Init) refers to stm32f10x_rcc.o(i.RCC_APB2PeriphClockCmd) for RCC_APB2PeriphClockCmd
    key.o(i.KEY_Init) refers to stm32f10x_gpio.o(i.GPIO_Init) for GPIO_Init
    key.o(i.KEY_Scan) refers to stm32f10x_gpio.o(i.GPIO_ReadInputDataBit) for GPIO_ReadInputDataBit
    key.o(i.KEY_Scan) refers to delay.o(i.delay_ms) for delay_ms
    key.o(i.KEY_Scan) refers to key.o(.data) for key_up
    lcd.o(i.LCD_Clear) refers to lcd.o(i.LCD_SetCursor) for LCD_SetCursor
    lcd.o(i.LCD_Clear) refers to lcd.o(i.LCD_WriteRAM_Prepare) for LCD_WriteRAM_Prepare
    lcd.o(i.LCD_Clear) refers to lcd.o(.bss) for lcddev
    lcd.o(i.LCD_Color_Fill) refers to lcd.o(i.LCD_SetCursor) for LCD_SetCursor
    lcd.o(i.LCD_Color_Fill) refers to lcd.o(i.LCD_WriteRAM_Prepare) for LCD_WriteRAM_Prepare
    lcd.o(i.LCD_DisplayOff) refers to lcd.o(i.LCD_WR_REG) for LCD_WR_REG
    lcd.o(i.LCD_DisplayOff) refers to lcd.o(i.LCD_WriteReg) for LCD_WriteReg
    lcd.o(i.LCD_DisplayOff) refers to lcd.o(.bss) for lcddev
    lcd.o(i.LCD_DisplayOn) refers to lcd.o(i.LCD_WR_REG) for LCD_WR_REG
    lcd.o(i.LCD_DisplayOn) refers to lcd.o(i.LCD_WriteReg) for LCD_WriteReg
    lcd.o(i.LCD_DisplayOn) refers to lcd.o(.bss) for lcddev
    lcd.o(i.LCD_Display_Dir) refers to lcd.o(i.LCD_Scan_Dir) for LCD_Scan_Dir
    lcd.o(i.LCD_Display_Dir) refers to lcd.o(.bss) for lcddev
    lcd.o(i.LCD_DrawLine) refers to lcd.o(i.LCD_DrawPoint) for LCD_DrawPoint
    lcd.o(i.LCD_DrawPoint) refers to lcd.o(i.LCD_SetCursor) for LCD_SetCursor
    lcd.o(i.LCD_DrawPoint) refers to lcd.o(i.LCD_WriteRAM_Prepare) for LCD_WriteRAM_Prepare
    lcd.o(i.LCD_DrawPoint) refers to lcd.o(.data) for POINT_COLOR
    lcd.o(i.LCD_DrawRectangle) refers to lcd.o(i.LCD_DrawLine) for LCD_DrawLine
    lcd.o(i.LCD_Draw_Circle) refers to lcd.o(i.LCD_DrawPoint) for LCD_DrawPoint
    lcd.o(i.LCD_Fast_DrawPoint) refers to lcd.o(i.LCD_WR_REG) for LCD_WR_REG
    lcd.o(i.LCD_Fast_DrawPoint) refers to lcd.o(i.LCD_WR_DATA) for LCD_WR_DATA
    lcd.o(i.LCD_Fast_DrawPoint) refers to lcd.o(i.LCD_WriteReg) for LCD_WriteReg
    lcd.o(i.LCD_Fast_DrawPoint) refers to lcd.o(.bss) for lcddev
    lcd.o(i.LCD_Fill) refers to lcd.o(i.LCD_SetCursor) for LCD_SetCursor
    lcd.o(i.LCD_Fill) refers to lcd.o(i.LCD_WriteRAM_Prepare) for LCD_WriteRAM_Prepare
    lcd.o(i.LCD_Fill) refers to lcd.o(.bss) for lcddev
    lcd.o(i.LCD_Init) refers to _printf_percent.o(.ARM.Collect$$_printf_percent$$00000000) for _printf_percent
    lcd.o(i.LCD_Init) refers to _printf_x.o(.ARM.Collect$$_printf_percent$$0000000C) for _printf_x
    lcd.o(i.LCD_Init) refers to _printf_hex_int_ll_ptr.o(.text) for _printf_longlong_hex
    lcd.o(i.LCD_Init) refers to stm32f10x_rcc.o(i.RCC_AHBPeriphClockCmd) for RCC_AHBPeriphClockCmd
    lcd.o(i.LCD_Init) refers to stm32f10x_rcc.o(i.RCC_APB2PeriphClockCmd) for RCC_APB2PeriphClockCmd
    lcd.o(i.LCD_Init) refers to stm32f10x_gpio.o(i.GPIO_Init) for GPIO_Init
    lcd.o(i.LCD_Init) refers to stm32f10x_fsmc.o(i.FSMC_NORSRAMInit) for FSMC_NORSRAMInit
[...]
    __main                                   0x080000ed   Thumb Code     8  __main.o(!!!main)
    __scatterload                            0x080000f5   Thumb Code     0  __scatter.o(!!!scatter)
    __scatterload_rt2                        0x080000f5   Thumb Code    44  __scatter.o(!!!scatter)
    __scatterload_rt2_thumb_only             0x080000f5   Thumb Code     0  __scatter.o(!!!scatter)
    __scatterload_null                       0x08000103   Thumb Code     0  __scatter.o(!!!scatter)
    __decompress                             0x08000129   Thumb Code    90  __dczerorl2.o(!!dczerorl2)
    __decompress1                            0x08000129   Thumb Code     0  __dczerorl2.o(!!dczerorl2)
    __scatterload_zeroinit                   0x08000185   Thumb Code    28  __scatter_zi.o(!!handler_zi)
    _printf_n                                0x080001a1   Thumb Code     0  _printf_n.o(.ARM.Collect$$_printf_percent$$00000001)
    _printf_percent                          0x080001a1   Thumb Code     0  _printf_percent.o(.ARM.Collect$$_printf_percent$$00000000)
    _printf_p                                0x080001a7   Thumb Code     0  _printf_p.o(.ARM.Collect$$_printf_percent$$00000002)
    _printf_f                                0x080001ad   Thumb Code     0  _printf_f.o(.ARM.Collect$$_printf_percent$$00000003)
    _printf_e                                0x080001b3   Thumb Code     0  _printf_e.o(.ARM.Collect$$_printf_percent$$00000004)
    _printf_g                                0x080001b9   Thumb Code     0  _printf_g.o(.ARM.Collect$$_printf_percent$$00000005)
    _printf_a                                0x080001bf   Thumb Code     0  _printf_a.o(.ARM.Collect$$_printf_percent$$00000006)
    _printf_ll                               0x080001c5   Thumb Code     0  _printf_ll.o(.ARM.Collect$$_printf_percent$$00000007)
    _printf_i                                0x080001cf   Thumb Code     0  _printf_i.o(.ARM.Collect$$_printf_percent$$00000008)
    _printf_d                                0x080001d5   Thumb Code     0  _printf_d.o(.ARM.Collect$$_printf_percent$$00000009)
    _printf_u                                0x080001db   Thumb Code     0  _printf_u.o(.ARM.Collect$$_printf_percent$$0000000A)
    _printf_o                                0x080001e1   Thumb Code     0  _printf_o.o(.ARM.Collect$$_printf_percent$$0000000B)
    _printf_x                                0x080001e7   Thumb Code     0  _printf_x.o(.ARM.Collect$$_printf_percent$$0000000C)
    _printf_lli                              0x080001ed   Thumb Code     0  _printf_lli.o(.ARM.Collect$$_printf_percent$$0000000D)
    _printf_lld                              0x080001f3   Thumb Code     0  _printf_lld.o(.ARM.Collect$$_printf_percent$$0000000E)
    _printf_llu                              0x080001f9   Thumb Code     0  _printf_llu.o(.ARM.Collect$$_printf_percent$$0000000F)
    _printf_llo                              0x080001ff   Thumb Code     0  _printf_llo.o(.ARM.Collect$$_printf_percent$$00000010)
    _printf_llx                              0x08000205   Thumb Code     0  _printf_llx.o(.ARM.Collect$$_printf_percent$$00000011)
    _printf_l                                0x0800020b   Thumb Code     0  _printf_l.o(.ARM.Collect$$_printf_percent$$00000012)
    _printf_c                                0x08000215   Thumb Code     0  _printf_c.o(.ARM.Collect$$_printf_percent$$00000013)
    _printf_s                                0x0800021b   Thumb Code     0  _printf_s.o(.ARM.Collect$$_printf_percent$$00000014)
    _printf_lc                               0x08000221   Thumb Code     0  _printf_lc.o(.ARM.Collect$$_printf_percent$$00000015)
    _printf_ls                               0x08000227   Thumb Code     0  _printf_ls.o(.ARM.Collect$$_printf_percent$$00000016)
    _printf_percent_end                      0x0800022d   Thumb Code     0  _printf_percent_end.o(.ARM.Collect$$_printf_percent$$00000017)
    __rt_lib_init                            0x08000231   Thumb Code     0  libinit.o(.ARM.Collect$$libinit$$00000000)
    __rt_lib_init_fp_1                       0x08000233   Thumb Code     0  libinit2.o(.ARM.Collect$$libinit$$00000002)
    __rt_lib_init_heap_1                     0x08000233   Thumb Code     0  libinit2.o(.ARM.Collect$$libinit$$0000000A)
    __rt_lib_init_lc_common                  0x08000233   Thumb Code     0  libinit2.o(.ARM.Collect$$libinit$$0000000F)
    __rt_lib_init_preinit_1                  0x08000233   Thumb Code     0  libinit2.o(.ARM.Collect$$libinit$$00000004)
    __rt_lib_init_rand_1                     0x08000233   Thumb Code     0  libinit2.o(.ARM.Collect$$libinit$$0000000E)
    __rt_lib_init_user_alloc_1               0x08000233   Thumb Code     0  libinit2.o(.ARM.Collect$$libinit$$0000000C)
    __rt_lib_init_lc_collate_1               0x08000239   Thumb Code     0  libinit2.o(.ARM.Collect$$libinit$$00000011)
    __rt_lib_init_lc_ctype_2                 0x08000239   Thumb Code     0  libinit2.o(.ARM.Collect$$libinit$$00000012)
    __rt_lib_init_lc_ctype_1                 0x08000245   Thumb Code     0  libinit2.o(.ARM.Collect$$libinit$$00000013)
    __rt_lib_init_lc_monetary_1              0x08000245   Thumb Code     0  libinit2.o(.ARM.Collect$$libinit$$00000015)
    __rt_lib_init_lc_numeric_2               0x08000245   Thumb Code     0  libinit2.o(.ARM.Collect$$libinit$$00000016)
    __rt_lib_init_alloca_1                   0x0800024f   Thumb Code     0  libinit2.o(.ARM.Collect$$libinit$$0000002E)
    __rt_lib_init_argv_1                     0x0800024f   Thumb Code     0  libinit2.o(.ARM.Collect$$libinit$$0000002C)
    __rt_lib_init_atexit_1                   0x0800024f   Thumb Code     0  libinit2.o(.ARM.Collect$$libinit$$0000001B)
    __rt_lib_init_clock_1                    0x0800024f   Thumb Code     0  libinit2.o(.ARM.Collect$$libinit$$00000021)
    __rt_lib_init_cpp_1                      0x0800024f   Thumb Code     0  libinit2.o(.ARM.Collect$$libinit$$00000032)
    __rt_lib_init_exceptions_1               0x0800024f   Thumb Code     0  libinit2.o(.ARM.Collect$$libinit$$00000030)
    __rt_lib_init_fp_trap_1                  0x0800024f   Thumb Code     0  libinit2.o(.ARM.Collect$$libinit$$0000001F)
    __rt_lib_init_getenv_1                   0x0800024f   Thumb Code     0  libinit2.o(.ARM.Collect$$libinit$$00000023)
    __rt_lib_init_lc_numeric_1               0x0800024f   Thumb Code     0  libinit2.o(.ARM.Collect$$libinit$$00000017)
    __rt_lib_init_lc_time_1                  0x0800024f   Thumb Code     0  libinit2.o(.ARM.Collect$$libinit$$00000019)
    __rt_lib_init_return                     0x0800024f   Thumb Code     0  libinit2.o(.ARM.Collect$$libinit$$00000033)
    __rt_lib_init_signal_1                   0x0800024f   Thumb Code     0  libinit2.o(.ARM.Collect$$libinit$$0000001D)
    __rt_lib_init_stdio_1                    0x0800024f   Thumb Code     0  libinit2.o(.ARM.Collect$$libinit$$00000025)
    __rt_lib_shutdown                        0x08000251   Thumb Code     0  libshutdown.o(.ARM.Collect$$libshutdown$$00000000)
    __rt_lib_shutdown_fp_trap_1              0x08000253   Thumb Code     0  libshutdown2.o(.ARM.Collect$$libshutdown$$00000006)
    __rt_lib_shutdown_heap_1                 0x08000253   Thumb Code     0  libshutdown2.o(.ARM.Collect$$libshutdown$$0000000E)
    __rt_lib_shutdown_return                 0x08000253   Thumb Code     0  libshutdown2.o(.ARM.Collect$$libshutdown$$0000000F)
    __rt_lib_shutdown_signal_1               0x08000253   Thumb Code     0  libshutdown2.o(.ARM.Collect$$libshutdown$$00000009)
    __rt_lib_shutdown_stdio_1                0x08000253   Thumb Code     0  libshutdown2.o(.ARM.Collect$$libshutdown$$00000003)
    __rt_lib_shutdown_user_alloc_1           0x08000253   Thumb Code     0  libshutdown2.o(.ARM.Collect$$libshutdown$$0000000B)
    __rt_entry                               0x08000255   Thumb Code     0  __rtentry.o(.ARM.Collect$$rtentry$$00000000)
    __rt_entry_presh_1                       0x08000255   Thumb Code     0  __rtentry2.o(.ARM.Collect$$rtentry$$00000002)
    __rt_entry_sh                            0x08000255   Thumb Code     0  __rtentry4.o(.ARM.Collect$$rtentry$$00000004)
    __rt_entry_li                            0x0800025b   Thumb Code     0  __rtentry2.o(.ARM.Collect$$rtentry$$0000000A)
    __rt_entry_postsh_1                      0x0800025b   Thumb Code     0  __rtentry2.o(.ARM.Collect$$rtentry$$00000009)
    __rt_entry_main                          0x0800025f   Thumb Code     0  __rtentry2.o(.ARM.Collect$$rtentry$$0000000D)
    __rt_entry_postli_1                      0x0800025f   Thumb Code     0  __rtentry2.o(.ARM.Collect$$rtentry$$0000000C)
    __rt_exit                                0x08000267   Thumb Code     0  rtexit.o(.ARM.Collect$$rtexit$$00000000)
    __rt_exit_ls                             0x08000269   Thumb Code     0  rtexit2.o(.ARM.Collect$$rtexit$$00000003)
    __rt_exit_prels_1                        0x08000269   Thumb Code     0  rtexit2.o(.ARM.Collect$$rtexit$$00000002)
    __rt_exit_exit                           0x0800026d   Thumb Code     0  rtexit2.o(.ARM.Collect$$rtexit$$00000004)
    Reset_Handler                            0x08000275   Thumb Code     8  startup_stm32f10x_md.o(.text)
    ADC1_2_IRQHandler                        0x0800028f   Thumb Code     0  startup_stm32f10x_md.o(.text)
    CAN1_RX1_IRQHandler                      0x0800028f   Thumb Code     0  startup_stm32f10x_md.o(.text)
    CAN1_SCE_IRQHandler                      0x0800028f   Thumb Code     0  startup_stm32f10x_md.o(.text)
    DMA1_Channel1_IRQHandler                 0x0800028f   Thumb Code     0  startup_stm32f10x_md.o(.text)
    DMA1_Channel2_IRQHandler                 0x0800028f   Thumb Code     0  startup_stm32f10x_md.o(.text)
    DMA1_Channel3_IRQHandler                 0x0800028f   Thumb Code     0  startup_stm32f10x_md.o(.text)
    DMA1_Channel4_IRQHandler                 0x0800028f   Thumb Code     0  startup_stm32f10x_md.o(.text)
    DMA1_Channel5_IRQHandler                 0x0800028f   Thumb Code     0  startup_stm32f10x_md.o(.text)
    DMA1_Channel6_IRQHandler                 0x0800028f   Thumb Code     0  startup_stm32f10x_md.o(.text)
    DMA1_Channel7_IRQHandler                 0x0800028f   Thumb Code     0  startup_stm32f10x_md.o(.text)
    EXTI0_IRQHandler                         0x0800028f   Thumb Code     0  startup_stm32f10x_md.o(.text)
    EXTI15_10_IRQHandler                     0x0800028f   Thumb Code     0  startup_stm32f10x_md.o(.text)
    EXTI1_IRQHandler                         0x0800028f   Thumb Code     0  startup_stm32f10x_md.o(.text)
    EXTI2_IRQHandler                         0x0800028f   Thumb Code     0  startup_stm32f10x_md.o(.text)
    EXTI3_IRQHandler                         0x0800028f   Thumb Code     0  startup_stm32f10x_md.o(.text)
    EXTI4_IRQHandler                         0x0800028f   Thumb Code     0  startup_stm32f10x_md.o(.text)
    EXTI9_5_IRQHandler                       0x0800028f   Thumb Code     0  startup_stm32f10x_md.o(.text)
    FLASH_IRQHandler                         0x0800028f   Thumb Code     0  startup_stm32f10x_md.o(.text)
    I2C1_ER_IRQHandler                       0x0800028f   Thumb Code     0  startup_stm32f10x_md.o(.text)
    I2C1_EV_IRQHandler                       0x0800028f   Thumb Code     0  startup_stm32f10x_md.o(.text)
    I2C2_ER_IRQHandler                       0x0800028f   Thumb Code     0  startup_stm32f10x_md.o(.text)
    I2C2_EV_IRQHandler                       0x0800028f   Thumb Code     0  startup_stm32f10x_md.o(.text)
    PVD_IRQHandler                           0x0800028f   Thumb Code     0  startup_stm32f10x_md.o(.text)
    RCC_IRQHandler                           0x0800028f   Thumb Code     0  startup_stm32f10x_md.o(.text)
    RTCAlarm_IRQHandler                      0x0800028f   Thumb Code     0  startup_stm32f10x_md.o(.text)
    RTC_IRQHandler                           0x0800028f   Thumb Code     0  startup_stm32f10x_md.o(.text)
    SPI1_IRQHandler                          0x0800028f   Thumb Code     0  startup_stm32f10x_md.o(.text)
    SPI2_IRQHandler                          0x0800028f   Thumb Code     0  startup_stm32f10x_md.o(.text)
    TAMPER_IRQHandler                        0x0800028f   Thumb Code     0  startup_stm32f10x_md.o(.text)
    TIM1_BRK_IRQHandler                      0x0800028f   Thumb Code     0  startup_stm32f10x_md.o(.text)
    TIM1_CC_IRQHandler                       0x0800028f   Thumb Code     0  startup_stm32f10x_md.o(.text)
    TIM1_TRG_COM_IRQHandler                  0x0800028f   Thumb Code     0  startup_stm32f10x_md.o(.text)
    TIM1_UP_IRQHandler                       0x0800028f   Thumb Code     0  startup_stm32f10x_md.o(.text)
    USART3_IRQHandler                        0x0800028f   Thumb Code     0  startup_stm32f10x_md.o(.text)
    USBWakeUp_IRQHandler                     0x0800028f   Thumb Code     0  startup_stm32f10x_md.o(.text)
    USB_HP_CAN1_TX_IRQHandler                0x0800028f   Thumb Code     0  startup_stm32f10x_md.o(.text)
    USB_LP_CAN1_RX0_IRQHandler               0x0800028f   Thumb Code     0  startup_stm32f10x_md.o(.text)
    WWDG_IRQHandler                          0x0800028f   Thumb Code     0  startup_stm32f10x_md.o(.text)
    __user_initial_stackheap                 0x08000291   Thumb Code     0  startup_stm32f10x_md.o(.text)
    __use_no_semihosting                     0x080002b5   Thumb Code     2  use_no_semi_2.o(.text)
    __aeabi_ldivmod                          0x080002b7   Thumb Code     0  llsdiv.o(.text)
    _ll_sdiv                                 0x080002b7   Thumb Code    72  llsdiv.o(.text)
    __c89vsprintf                            0x08000301   Thumb Code    32  c89vsprintf.o(.text)
    __2printf                                0x08000325   Thumb Code    20  __2printf.o(.text)
    _printf_pre_padding                      0x0800033d   Thumb Code    44  _printf_pad.o(.text)
    _printf_post_padding                     0x08000369   Thumb Code    34  _printf_pad.o(.text)
    _printf_str                              0x0800038b   Thumb Code    82  _printf_str.o(.text)
    _printf_int_dec                          0x080003dd   Thumb Code   104  _printf_dec.o(.text)
    _printf_longlong_hex                     0x08000455   Thumb Code    86  _printf_hex_int_ll_ptr.o(.text)
    _printf_int_hex                          0x080004ab   Thumb Code    28  _printf_hex_int_ll_ptr.o(.text)
    _printf_ll_hex                           0x080004c7   Thumb Code    12  _printf_hex_int_ll_ptr.o(.text)
    _printf_hex_ptr                          0x080004d3   Thumb Code    18  _printf_hex_int_ll_ptr.o(.text)
    __printf                                 0x080004e9   Thumb Code   388  __printf_flags_ss_wp.o(.text)
    memcmp                                   0x08000671   Thumb Code    88  memcmp.o(.text)
    strlen                                   0x080006c9   Thumb Code    62  strlen.o(.text)
    __aeabi_memset                           0x08000707   Thumb Code    16  aeabi_memset.o(.text)
    __use_two_region_memory                  0x08000717   Thumb Code     2  heapauxi.o(.text)
    __rt_heap_escrow$2region                 0x08000719   Thumb Code     2  heapauxi.o(.text)
    __rt_heap_expand$2region                 0x0800071b   Thumb Code     2  heapauxi.o(.text)
    __I$use$semihosting                      0x0800071d   Thumb Code     0  use_no_semi.o(.text)
    __use_no_semihosting_swi                 0x0800071d   Thumb Code     2  use_no_semi.o(.text)
    __aeabi_uldivmod                         0x0800071f   Thumb Code     0  lludivv7m.o(.text)
    _ll_udiv                                 0x0800071f   Thumb Code   238  lludivv7m.o(.text)
    __read_errno                             0x0800080d   Thumb Code    10  _rserrno.o(.text)
    __set_errno                              0x08000817   Thumb Code    12  _rserrno.o(.text)
    _printf_truncate_signed                  0x08000823   Thumb Code    18  _printf_truncate.o(.text)
    _printf_truncate_unsigned                0x08000835   Thumb Code    18  _printf_truncate.o(.text)
    _printf_int_common                       0x08000847   Thumb Code   178  _printf_intcommon.o(.text)
    _printf_charcount                        0x080008f9   Thumb Code    40  _printf_charcount.o(.text)
    _printf_char_common                      0x0800092b   Thumb Code    32  _printf_char_common.o(.text)
    _sputc                                   0x08000951   Thumb Code    10  _sputc.o(.text)
    _printf_cs_common                        0x0800095b   Thumb Code    20  _printf_char.o(.text)
    _printf_char                             0x0800096f   Thumb Code    16  _printf_char.o(.text)
    _printf_string                           0x0800097f   Thumb Code     8  _printf_char.o(.text)
    _printf_char_file                        0x08000989   Thumb Code    32  _printf_char_file.o(.text)
    _printf_wctomb                           0x080009ad   Thumb Code   182  _printf_wctomb.o(.text)
    _printf_longlong_dec                     0x08000a69   Thumb Code   108  _printf_longlong_dec.o(.text)
    _printf_longlong_oct                     0x08000ae5   Thumb Code    68  _printf_oct_int_ll.o(.text)
    _printf_int_oct                          0x08000b29   Thumb Code    24  _printf_oct_int_ll.o(.text)
    _printf_ll_oct                           0x08000b41   Thumb Code    12  _printf_oct_int_ll.o(.text)
    __aeabi_memclr                           0x08000b55   Thumb Code     0  rt_memclr.o(.text)
    __rt_memclr                              0x08000b55   Thumb Code    68  rt_memclr.o(.text)
    _memset                                  0x08000b59   Thumb Code     0  rt_memclr.o(.text)
    __aeabi_errno_addr                       0x08000b99   Thumb Code     8  rt_errno_addr_intlibspace.o(.text)
    __errno$intlibspace                      0x08000b99   Thumb Code     0  rt_errno_addr_intlibspace.o(.text)
    __rt_errno_addr$intlibspace              0x08000b99   Thumb Code     0  rt_errno_addr_intlibspace.o(.text)
    _ll_udiv10                               0x08000ba1   Thumb Code   138  lludiv10.o(.text)
    __lib_sel_fp_printf                      0x08000c2b   Thumb Code     2  _printf_fp_dec.o(.text)
    _printf_fp_dec_real                      0x08000dd9   Thumb Code   620  _printf_fp_dec.o(.text)
    _printf_lcs_common                       0x08001045   Thumb Code    20  _printf_wchar.o(.text)
    _printf_wchar                            0x08001059   Thumb Code    16  _printf_wchar.o(.text)
    _printf_wstring                          0x08001069   Thumb Code     8  _printf_wchar.o(.text)
    ferror                                   0x08001071   Thumb Code     8  ferror.o(.text)
    _wcrtomb                                 0x08001079   Thumb Code    64  _wcrtomb.o(.text)
    __aeabi_memclr4                          0x080010b9   Thumb Code     0  rt_memclr_w.o(.text)
    __aeabi_memclr8                          0x080010b9   Thumb Code     0  rt_memclr_w.o(.text)
    __rt_memclr_w                            0x080010b9   Thumb Code    78  rt_memclr_w.o(.text)
    _memset_w                                0x080010bd   Thumb Code     0  rt_memclr_w.o(.text)
    __user_libspace                          0x08001109   Thumb Code     8  libspace.o(.text)
    __user_perproc_libspace                  0x08001109   Thumb Code     0  libspace.o(.text)
    __user_perthread_libspace                0x08001109   Thumb Code     0  libspace.o(.text)
    __user_setup_stackheap                   0x08001111   Thumb Code    74  sys_stackheap_outer.o(.text)
    __rt_ctype_table                         0x0800115d   Thumb Code    16  rt_ctype_table.o(.text)
    __rt_locale                              0x0800116d   Thumb Code     8  rt_locale_intlibspace.o(.text)
    _printf_fp_infnan                        0x08001175   Thumb Code   112  _printf_fp_infnan.o(.text)
    _btod_etento                             0x080011f5   Thumb Code   216  bigflt0.o(.text)
    exit                                     0x080012d1   Thumb Code    12  exit.o(.text)
    strcmp                                   0x080012dd   Thumb Code   128  strcmpv7m.o(.text)
    _btod_d2e                                0x0800135d   Thumb Code    62  btod.o(CL$$btod_d2e)
    _d2e_denorm_low                          0x0800139b   Thumb Code    70  btod.o(CL$$btod_d2e_denorm_low)
    _d2e_norm_op1                            0x080013e1   Thumb Code    96  btod.o(CL$$btod_d2e_norm_op1)
    __btod_div_common                        0x08001441   Thumb Code   696  btod.o(CL$$btod_div_common)
    _e2e                                     0x08001779   Thumb Code   198  btod.o(CL$$btod_e2e)
    _btod_ediv                               0x0800183f   Thumb Code    40  btod.o(CL$$btod_ediv)
    _btod_emul                               0x08001867   Thumb Code    40  btod.o(CL$$btod_emul)
    __btod_mult_common                       0x0800188f   Thumb Code   580  btod.o(CL$$btod_mult_common)
    BusFault_Handler                         0x08001ad3   Thumb Code     4  stm32f10x_it.o(i.BusFault_Handler)
    DebugMon_Handler                         0x08001ad7   Thumb Code     2  stm32f10x_it.o(i.DebugMon_Handler)
    GPIO_Init                                0x08001ad9   Thumb Code   278  stm32f10x_gpio.o(i.GPIO_Init)
    GPIO_PinRemapConfig                      0x08001bf1   Thumb Code   138  stm32f10x_gpio.o(i.GPIO_PinRemapConfig)
    GPIO_ResetBits                           0x08001c81   Thumb Code     4  stm32f10x_gpio.o(i.GPIO_ResetBits)
    GPIO_SetBits                             0x08001c85   Thumb Code     4  stm32f10x_gpio.o(i.GPIO_SetBits)
    HardFault_Handler                        0x08001c89   Thumb Code     4  stm32f10x_it.o(i.HardFault_Handler)
    MPU_Get_Temperature                      0x08001c8d   Thumb Code    86  mpu6050.o(i.MPU_Get_Temperature)
    MPU_IIC_Ack                              0x08001cf5   Thumb Code    62  mpuiic.o(i.MPU_IIC_Ack)
    MPU_IIC_Delay                            0x08001d41   Thumb Code    10  mpuiic.o(i.MPU_IIC_Delay)
    MPU_IIC_Init                             0x08001d4d   Thumb Code    50  mpuiic.o(i.MPU_IIC_Init)
    MPU_IIC_NAck                             0x08001d85   Thumb Code    62  mpuiic.o(i.MPU_IIC_NAck)
    MPU_IIC_Read_Byte                        0x08001dd1   Thumb Code    94  mpuiic.o(i.MPU_IIC_Read_Byte)
    MPU_IIC_Send_Byte                        0x08001e3d   Thumb Code    80  mpuiic.o(i.MPU_IIC_Send_Byte)
    MPU_IIC_Start                            0x08001e99   Thumb Code    60  mpuiic.o(i.MPU_IIC_Start)
    MPU_IIC_Stop                             0x08001ee1   Thumb Code    58  mpuiic.o(i.MPU_IIC_Stop)
    MPU_IIC_Wait_Ack                         0x08001f29   Thumb Code    86  mpuiic.o(i.MPU_IIC_Wait_Ack)
    MPU_Init                                 0x08001f8d   Thumb Code   180  mpu6050.o(i.MPU_Init)
    MPU_Read_Byte                            0x0800204d   Thumb Code    58  mpu6050.o(i.MPU_Read_Byte)
    MPU_Read_Len                             0x08002087   Thumb Code   116  mpu6050.o(i.MPU_Read_Len)
    MPU_Set_Accel_Fsr                        0x080020fb   Thumb Code    16  mpu6050.o(i.MPU_Set_Accel_Fsr)
    MPU_Set_Gyro_Fsr                         0x0800210b   Thumb Code    16  mpu6050.o(i.MPU_Set_Gyro_Fsr)
    MPU_Set_LPF                              0x0800211b   Thumb Code    58  mpu6050.o(i.MPU_Set_LPF)
    MPU_Set_Rate                             0x08002155   Thumb Code    58  mpu6050.o(i.MPU_Set_Rate)
    MPU_Write_Byte                           0x0800218f   Thumb Code    68  mpu6050.o(i.MPU_Write_Byte)
    MPU_Write_Len                            0x080021d3   Thumb Code    96  mpu6050.o(i.MPU_Write_Len)
    MemManage_Handler                        0x08002233   Thumb Code     4  stm32f10x_it.o(i.MemManage_Handler)
    NMI_Handler                              0x08002237   Thumb Code     2  stm32f10x_it.o(i.NMI_Handler)
    NVIC_Init                                0x08002239   Thumb Code   100  misc.o(i.NVIC_Init)
    NVIC_PriorityGroupConfig                 0x080022a9   Thumb Code    10  misc.o(i.NVIC_PriorityGroupConfig)
    PWMIO_Init                               0x080022bd   Thumb Code   120  timer.o(i.PWMIO_Init)
    PendSV_Handler                           0x0800233d   Thumb Code     2  stm32f10x_it.o(i.PendSV_Handler)
    RCC_APB1PeriphClockCmd                   0x08002341   Thumb Code    26  stm32f10x_rcc.o(i.RCC_APB1PeriphClockCmd)
    RCC_APB1PeriphResetCmd                   0x08002361   Thumb Code    26  stm32f10x_rcc.o(i.RCC_APB1PeriphResetCmd)
    RCC_APB2PeriphClockCmd                   0x08002381   Thumb Code    26  stm32f10x_rcc.o(i.RCC_APB2PeriphClockCmd)
    RCC_APB2PeriphResetCmd                   0x080023a1   Thumb Code    26  stm32f10x_rcc.o(i.RCC_APB2PeriphResetCmd)
    RCC_GetClocksFreq                        0x080023c1   Thumb Code   192  stm32f10x_rcc.o(i.RCC_GetClocksFreq)
    SVC_Handler                              0x08002495   Thumb Code     2  stm32f10x_it.o(i.SVC_Handler)
    SysTick_CLKSourceConfig                  0x08002581   Thumb Code    40  misc.o(i.SysTick_CLKSourceConfig)
    SysTick_Handler                          0x080025a9   Thumb Code     2  stm32f10x_it.o(i.SysTick_Handler)
    SystemInit                               0x080025ad   Thumb Code    78  system_stm32f10x.o(i.SystemInit)
    TIM2_IRQHandler                          0x0800260d   Thumb Code    44  timer.o(i.TIM2_IRQHandler)
    TIM2_Int_Init                            0x0800263d   Thumb Code    92  timer.o(i.TIM2_Int_Init)
    TIM3_IRQHandler                          0x08002699   Thumb Code   174  timer.o(i.TIM3_IRQHandler)
    TIM3_Int_Init                            0x08002769   Thumb Code    88  timer.o(i.TIM3_Int_Init)
    TIM4_IRQHandler                          0x080027c5   Thumb Code    46  usmart.o(i.TIM4_IRQHandler)
    TIM_ClearFlag                            0x080027fd   Thumb Code     6  stm32f10x_tim.o(i.TIM_ClearFlag)
    TIM_ClearITPendingBit                    0x08002803   Thumb Code     6  stm32f10x_tim.o(i.TIM_ClearITPendingBit)
    TIM_Cmd                                  0x08002809   Thumb Code    24  stm32f10x_tim.o(i.TIM_Cmd)
    TIM_GetCounter                           0x08002821   Thumb Code     6  stm32f10x_tim.o(i.TIM_GetCounter)
    TIM_GetFlagStatus                        0x08002827   Thumb Code    18  stm32f10x_tim.o(i.TIM_GetFlagStatus)
    TIM_GetITStatus                          0x08002839   Thumb Code    34  stm32f10x_tim.o(i.TIM_GetITStatus)
    TIM_ITConfig                             0x0800285b   Thumb Code    18  stm32f10x_tim.o(i.TIM_ITConfig)
    TIM_SetAutoreload                        0x0800286d   Thumb Code     4  stm32f10x_tim.o(i.TIM_SetAutoreload)
    TIM_SetCounter                           0x08002871   Thumb Code     4  stm32f10x_tim.o(i.TIM_SetCounter)
    TIM_TimeBaseInit                         0x08002875   Thumb Code   122  stm32f10x_tim.o(i.TIM_TimeBaseInit)
    Timer4_Init                              0x08002919   Thumb Code    88  usmart.o(i.Timer4_Init)
    USART1_IRQHandler                        0x08002975   Thumb Code   122  usart.o(i.USART1_IRQHandler)
    USART2_IRQHandler                        0x080029fd   Thumb Code    96  usart3.o(i.USART2_IRQHandler)
    USART_Cmd                                0x08002a69   Thumb Code    24  stm32f10x_usart.o(i.USART_Cmd)
    USART_DeInit                             0x08002a81   Thumb Code   134  stm32f10x_usart.o(i.USART_DeInit)
    USART_GetFlagStatus                      0x08002b1d   Thumb Code    26  stm32f10x_usart.o(i.USART_GetFlagStatus)
    USART_GetITStatus                        0x08002b37   Thumb Code    84  stm32f10x_usart.o(i.USART_GetITStatus)
    USART_ITConfig                           0x08002b8b   Thumb Code    74  stm32f10x_usart.o(i.USART_ITConfig)
    USART_Init                               0x08002bd5   Thumb Code   210  stm32f10x_usart.o(i.USART_Init)
    USART_ReceiveData                        0x08002cad   Thumb Code    10  stm32f10x_usart.o(i.USART_ReceiveData)
    USART_SendData                           0x08002cb7   Thumb Code     8  stm32f10x_usart.o(i.USART_SendData)
    UsageFault_Handler                       0x08002cbf   Thumb Code     4  stm32f10x_it.o(i.UsageFault_Handler)
    __ARM_fpclassify                         0x08002cc3   Thumb Code    40  fpclassify.o(i.__ARM_fpclassify)
    __kernel_poly                            0x08002ceb   Thumb Code   170  poly.o(i.__kernel_poly)
    __mathlib_dbl_infnan                     0x08002d95   Thumb Code     6  dunder.o(i.__mathlib_dbl_infnan)
    __mathlib_dbl_infnan2                    0x08002d9b   Thumb Code     4  dunder.o(i.__mathlib_dbl_infnan2)
    __mathlib_dbl_invalid                    0x08002d9f   Thumb Code    12  dunder.o(i.__mathlib_dbl_invalid)
    __mathlib_dbl_underflow                  0x08002dad   Thumb Code    10  dunder.o(i.__mathlib_dbl_underflow)
    _is_digit                                0x08002dbd   Thumb Code    14  __printf_wp.o(i._is_digit)
    _sys_exit                                0x08002dcb   Thumb Code     6  usart.o(i._sys_exit)
    asin                                     0x08002e79   Thumb Code   572  asin.o(i.asin)
    atan                                     0x080030e9   Thumb Code   474  atan.o(i.atan)
    atan2                                    0x08003309   Thumb Code   346  atan2.o(i.atan2)
    delay_init                               0x080034ed   Thumb Code    50  delay.o(i.delay_init)
    delay_ms                                 0x08003531   Thumb Code    72  delay.o(i.delay_ms)
    delay_us                                 0x0800357d   Thumb Code    72  delay.o(i.delay_us)
    dmp_enable_6x_lp_quat                    0x080035c9   Thumb Code    60  inv_mpu_dmp_motion_driver.o(i.dmp_enable_6x_lp_quat)
    dmp_enable_feature                       0x08003605   Thumb Code   530  inv_mpu_dmp_motion_driver.o(i.dmp_enable_feature)
    dmp_enable_gyro_cal                      0x08003821   Thumb Code    62  inv_mpu_dmp_motion_driver.o(i.dmp_enable_gyro_cal)
    dmp_enable_lp_quat                       0x08003879   Thumb Code    60  inv_mpu_dmp_motion_driver.o(i.dmp_enable_lp_quat)
    dmp_load_motion_driver_firmware          0x080038b5   Thumb Code    20  inv_mpu_dmp_motion_driver.o(i.dmp_load_motion_driver_firmware)
    dmp_read_fifo                            0x080038cd   Thumb Code   456  inv_mpu_dmp_motion_driver.o(i.dmp_read_fifo)
    dmp_set_accel_bias                       0x08003a99   Thumb Code   300  inv_mpu_dmp_motion_driver.o(i.dmp_set_accel_bias)
    dmp_set_fifo_rate                        0x08003bc9   Thumb Code    96  inv_mpu_dmp_motion_driver.o(i.dmp_set_fifo_rate)
    dmp_set_gyro_bias                        0x08003c39   Thumb Code   294  inv_mpu_dmp_motion_driver.o(i.dmp_set_gyro_bias)
    dmp_set_orientation                      0x08003d69   Thumb Code   290  inv_mpu_dmp_motion_driver.o(i.dmp_set_orientation)
    dmp_set_shake_reject_thresh              0x08003ea1   Thumb Code    56  inv_mpu_dmp_motion_driver.o(i.dmp_set_shake_reject_thresh)
    dmp_set_shake_reject_time                0x08003ed9   Thumb Code    38  inv_mpu_dmp_motion_driver.o(i.dmp_set_shake_reject_time)
    dmp_set_shake_reject_timeout             0x08003eff   Thumb Code    38  inv_mpu_dmp_motion_driver.o(i.dmp_set_shake_reject_timeout)
    dmp_set_tap_axes                         0x08003f25   Thumb Code    70  inv_mpu_dmp_motion_driver.o(i.dmp_set_tap_axes)
    dmp_set_tap_count                        0x08003f6b   Thumb Code    38  inv_mpu_dmp_motion_driver.o(i.dmp_set_tap_count)
    dmp_set_tap_thresh                       0x08003f91   Thumb Code   396  inv_mpu_dmp_motion_driver.o(i.dmp_set_tap_thresh)
    dmp_set_tap_time                         0x08004131   Thumb Code    38  inv_mpu_dmp_motion_driver.o(i.dmp_set_tap_time)
    dmp_set_tap_time_multi                   0x08004157   Thumb Code    38  inv_mpu_dmp_motion_driver.o(i.dmp_set_tap_time_multi)
    fputc                                    0x0800417d   Thumb Code    24  usart.o(i.fputc)
    inv_orientation_matrix_to_scalar         0x080047cd   Thumb Code    40  inv_mpu.o(i.inv_orientation_matrix_to_scalar)
    inv_row_2_scale                          0x080047f5   Thumb Code    78  inv_mpu.o(i.inv_row_2_scale)
    main                                     0x08004845   Thumb Code   458  main.o(i.main)
    mget_ms                                  0x08004b0d   Thumb Code     2  inv_mpu.o(i.mget_ms)
    mpu_configure_fifo                       0x08004b11   Thumb Code   106  inv_mpu.o(i.mpu_configure_fifo)
    mpu_dmp_get_data                         0x08004b81   Thumb Code   544  inv_mpu.o(i.mpu_dmp_get_data)
    mpu_dmp_init                             0x08004da5   Thumb Code   154  inv_mpu.o(i.mpu_dmp_init)
    mpu_get_accel_fsr                        0x08004e45   Thumb Code    72  inv_mpu.o(i.mpu_get_accel_fsr)
    mpu_get_accel_sens                       0x08004e91   Thumb Code    78  inv_mpu.o(i.mpu_get_accel_sens)
    mpu_get_fifo_config                      0x08004ee5   Thumb Code    12  inv_mpu.o(i.mpu_get_fifo_config)
    mpu_get_gyro_fsr                         0x08004ef5   Thumb Code    64  inv_mpu.o(i.mpu_get_gyro_fsr)
    mpu_get_gyro_sens                        0x08004f39   Thumb Code    58  inv_mpu.o(i.mpu_get_gyro_sens)
    mpu_get_lpf                              0x08004f89   Thumb Code    74  inv_mpu.o(i.mpu_get_lpf)
    mpu_get_sample_rate                      0x08004fd9   Thumb Code    26  inv_mpu.o(i.mpu_get_sample_rate)
    mpu_init                                 0x08004ff9   Thumb Code   416  inv_mpu.o(i.mpu_init)
    mpu_load_firmware                        0x080051e9   Thumb Code   180  inv_mpu.o(i.mpu_load_firmware)
    mpu_lp_accel_mode                        0x080052a1   Thumb Code   218  inv_mpu.o(i.mpu_lp_accel_mode)
    mpu_read_fifo_stream                     0x08005381   Thumb Code   186  inv_mpu.o(i.mpu_read_fifo_stream)
    mpu_read_mem                             0x08005441   Thumb Code   122  inv_mpu.o(i.mpu_read_mem)
    mpu_reset_fifo                           0x080054c1   Thumb Code   450  inv_mpu.o(i.mpu_reset_fifo)
    mpu_run_self_test                        0x08005689   Thumb Code   278  inv_mpu.o(i.mpu_run_self_test)
    mpu_set_accel_fsr                        0x080057a5   Thumb Code   126  inv_mpu.o(i.mpu_set_accel_fsr)
    mpu_set_bypass                           0x08005829   Thumb Code   328  inv_mpu.o(i.mpu_set_bypass)
    mpu_set_dmp_state                        0x08005975   Thumb Code   138  inv_mpu.o(i.mpu_set_dmp_state)
    mpu_set_gyro_fsr                         0x08005a05   Thumb Code   132  inv_mpu.o(i.mpu_set_gyro_fsr)
    mpu_set_int_latched                      0x08005a8d   Thumb Code   102  inv_mpu.o(i.mpu_set_int_latched)
    mpu_set_lpf                              0x08005af9   Thumb Code   126  inv_mpu.o(i.mpu_set_lpf)
    mpu_set_sample_rate                      0x08005b7d   Thumb Code   152  inv_mpu.o(i.mpu_set_sample_rate)
    mpu_set_sensors                          0x08005c19   Thumb Code   202  inv_mpu.o(i.mpu_set_sensors)
    mpu_write_mem                            0x08005ce9   Thumb Code   122  inv_mpu.o(i.mpu_write_mem)
    read_addr                                0x08005d69   Thumb Code     6  usmart.o(i.read_addr)
    run_self_test                            0x08005d6f   Thumb Code   148  inv_mpu.o(i.run_self_test)
    sqrt                                     0x08005e95   Thumb Code    76  sqrt.o(i.sqrt)
    u2_printf                                0x08005ee1   Thumb Code    72  usart3.o(i.u2_printf)
    uart_init                                0x08005f31   Thumb Code   152  usart.o(i.uart_init)
    usart2_init                              0x08005fd1   Thumb Code   188  usart3.o(i.usart2_init)
    usmart_cmd_rec                           0x08006099   Thumb Code   170  usmart.o(i.usmart_cmd_rec)
    usmart_exe                               0x08006149   Thumb Code   632  usmart.o(i.usmart_exe)
    usmart_get_aparm                         0x0800641d   Thumb Code   200  usmart_str.o(i.usmart_get_aparm)
    usmart_get_cmdname                       0x080064e5   Thumb Code    54  usmart_str.o(i.usmart_get_cmdname)
    usmart_get_fname                         0x0800651d   Thumb Code   440  usmart_str.o(i.usmart_get_fname)
    usmart_get_fparam                        0x080066dd   Thumb Code   262  usmart_str.o(i.usmart_get_fparam)
    usmart_get_parmpos                       0x080067e9   Thumb Code    26  usmart_str.o(i.usmart_get_parmpos)
    usmart_get_runtime                       0x08006809   Thumb Code    60  usmart.o(i.usmart_get_runtime)
    usmart_init                              0x0800684d   Thumb Code    36  usmart.o(i.usmart_init)
    usmart_pow                               0x08006875   Thumb Code    22  usmart_str.o(i.usmart_pow)
    usmart_reset_runtime                     0x0800688d   Thumb Code    38  usmart.o(i.usmart_reset_runtime)
    usmart_scan                              0x080068bd   Thumb Code   120  usmart.o(i.usmart_scan)
    usmart_search_nextc                      0x08006979   Thumb Code    22  usmart_str.o(i.usmart_search_nextc)
    usmart_str2num                           0x0800698f   Thumb Code   202  usmart_str.o(i.usmart_str2num)
    usmart_strcmp                            0x08006a59   Thumb Code    34  usmart_str.o(i.usmart_strcmp)
    usmart_strcopy                           0x08006a7b   Thumb Code    22  usmart_str.o(i.usmart_strcopy)
    usmart_strlen                            0x08006a91   Thumb Code    24  usmart_str.o(i.usmart_strlen)
    usmart_sys_cmd_exe                       0x08006aa9   Thumb Code  1554  usmart.o(i.usmart_sys_cmd_exe)
    write_addr                               0x0800718d   Thumb Code     4  usmart.o(i.write_addr)
    _get_lc_numeric                          0x08007191   Thumb Code    44  lc_numeric_c.o(locale$$code)
    _get_lc_ctype                            0x080071bd   Thumb Code    44  lc_ctype_c.o(locale$$code)
    __aeabi_d2f                              0x080071e9   Thumb Code     0  d2f.o(x$fpl$d2f)
    _d2f                                     0x080071e9   Thumb Code    98  d2f.o(x$fpl$d2f)
    __aeabi_dadd                             0x0800724d   Thumb Code     0  daddsub_clz.o(x$fpl$dadd)
    _dadd                                    0x0800724d   Thumb Code   332  daddsub_clz.o(x$fpl$dadd)
    __fpl_dcheck_NaN1                        0x0800739d   Thumb Code    10  dcheck1.o(x$fpl$dcheck1)
    __aeabi_ddiv                             0x080073ad   Thumb Code     0  ddiv.o(x$fpl$ddiv)
    _ddiv                                    0x080073ad   Thumb Code   552  ddiv.o(x$fpl$ddiv)
    __aeabi_i2d                              0x0800765d   Thumb Code     0  dflt_clz.o(x$fpl$dflt)
    _dflt                                    0x0800765d   Thumb Code    46  dflt_clz.o(x$fpl$dflt)
    __aeabi_dmul                             0x0800768d   Thumb Code     0  dmul.o(x$fpl$dmul)
    _dmul                                    0x0800768d   Thumb Code   332  dmul.o(x$fpl$dmul)
    __fpl_dnaninf                            0x080077e1   Thumb Code   156  dnaninf.o(x$fpl$dnaninf)
    __fpl_dretinf                            0x0800787d   Thumb Code    12  dretinf.o(x$fpl$dretinf)
    __aeabi_drsub                            0x08007889   Thumb Code     0  daddsub_clz.o(x$fpl$drsb)
    _drsb                                    0x08007889   Thumb Code    22  daddsub_clz.o(x$fpl$drsb)
    _dsqrt                                   0x080078a1   Thumb Code   456  dsqrt_noumaal.o(x$fpl$dsqrt)
    __aeabi_dsub                             0x08007a6d   Thumb Code     0  daddsub_clz.o(x$fpl$dsub)
    _dsub                                    0x08007a6d   Thumb Code   464  daddsub_clz.o(x$fpl$dsub)
    __aeabi_f2d                              0x08007c41   Thumb Code     0  f2d.o(x$fpl$f2d)
    _f2d                                     0x08007c41   Thumb Code    86  f2d.o(x$fpl$f2d)
    __aeabi_fadd                             0x08007c99   Thumb Code     0  faddsub_clz.o(x$fpl$fadd)
    _fadd                                    0x08007c99   Thumb Code   196  faddsub_clz.o(x$fpl$fadd)
    __fpl_fcmp_Inf                           0x08007d5d   Thumb Code    24  fcmpi.o(x$fpl$fcmpinf)
    __aeabi_fdiv                             0x08007d75   Thumb Code     0  fdiv.o(x$fpl$fdiv)
    _fdiv                                    0x08007d75   Thumb Code   384  fdiv.o(x$fpl$fdiv)
    __aeabi_cfcmpeq                          0x08007ef9   Thumb Code     0  feqf.o(x$fpl$feqf)
    _fcmpeq                                  0x08007ef9   Thumb Code   104  feqf.o(x$fpl$feqf)
    __aeabi_f2iz                             0x08007f61   Thumb Code     0  ffix.o(x$fpl$ffix)
    _ffix                                    0x08007f61   Thumb Code    54  ffix.o(x$fpl$ffix)
    __aeabi_f2uiz                            0x08007f99   Thumb Code     0  ffixu.o(x$fpl$ffixu)
    _ffixu                                   0x08007f99   Thumb Code    62  ffixu.o(x$fpl$ffixu)
    __aeabi_i2f                              0x08007fd9   Thumb Code     0  fflt_clz.o(x$fpl$fflt)
    _fflt                                    0x08007fd9   Thumb Code    48  fflt_clz.o(x$fpl$fflt)
    __aeabi_ui2f                             0x08008009   Thumb Code     0  fflt_clz.o(x$fpl$ffltu)
    _ffltu                                   0x08008009   Thumb Code    38  fflt_clz.o(x$fpl$ffltu)
    __aeabi_cfcmple                          0x08008031   Thumb Code     0  fleqf.o(x$fpl$fleqf)
    _fcmple                                  0x08008031   Thumb Code   104  fleqf.o(x$fpl$fleqf)
    __fpl_fcmple_InfNaN                      0x08008083   Thumb Code     0  fleqf.o(x$fpl$fleqf)
    __aeabi_fmul                             0x08008099   Thumb Code     0  fmul.o(x$fpl$fmul)
    _fmul                                    0x08008099   Thumb Code   258  fmul.o(x$fpl$fmul)
    __fpl_fnaninf                            0x0800819b   Thumb Code   140  fnaninf.o(x$fpl$fnaninf)
    __fpl_fretinf                            0x08008227   Thumb Code    10  fretinf.o(x$fpl$fretinf)
    __aeabi_cfrcmple                         0x08008231   Thumb Code     0  frleqf.o(x$fpl$frleqf)
    _frcmple                                 0x08008231   Thumb Code    98  frleqf.o(x$fpl$frleqf)
    __aeabi_fsub                             0x08008295   Thumb Code     0  faddsub_clz.o(x$fpl$fsub)
    _fsub                                    0x08008295   Thumb Code   234  faddsub_clz.o(x$fpl$fsub)
    _printf_fp_dec                           0x0800837f   Thumb Code     4  printf1.o(x$fpl$printf1)
    __fpl_return_NaN                         0x08008383   Thumb Code   100  retnan.o(x$fpl$retnan)
    __ARM_scalbn                             0x080083e7   Thumb Code    92  scalbn.o(x$fpl$scalbn)
    __fpl_cmpreturn                          0x08008443   Thumb Code    48  trapv.o(x$fpl$trapveneer)
    __I$use$fp                               0x08008472   Number         0  usenofp.o(x$fpl$usenofp)
    reg                                      0x08008474   Data          27  inv_mpu.o(.constdata)
    hw                                       0x08008490   Data          12  inv_mpu.o(.constdata)
    test                                     0x0800849c   Data          40  inv_mpu.o(.constdata)
    __mathlib_zero                           0x080091e8   Data           8  qnan.o(.constdata)
    Region$$Table$$Base                      0x080093c8   Number         0  anon$$obj.o(Region$$Table)
    Region$$Table$$Limit                     0x080093e8   Number         0  anon$$obj.o(Region$$Table)
    __ctype                                  0x08009411   Data           0  lc_ctype_c.o(locale$$data)
    pitch                                    0x20000000   Data           4  main.o(.data)
    roll                                     0x20000004   Data           4  main.o(.data)
    yaw                                      0x20000008   Data           4  main.o(.data)
    level1                                   0x2000000c   Data           2  main.o(.data)
    level2                                   0x2000000e   Data           2  main.o(.data)
    level3                                   0x20000010   Data           2  main.o(.data)
    level4                                   0x20000012   Data           2  main.o(.data)
    SystemCoreClock                          0x20000014   Data           4  system_stm32f10x.o(.data)
    AHBPrescTable                            0x20000018   Data          16  system_stm32f10x.o(.data)
    count                                    0x2000005e   Data           2  timer.o(.data)
    USART3_RX_STA                            0x20000060   Data           2  usart3.o(.data)
    __stdout                                 0x20000068   Data           4  usart.o(.data)
    USART_RX_STA                             0x2000006c   Data           2  usart.o(.data)
    sys_cmd_tab                              0x20000084   Data          28  usmart.o(.data)
    usmart_nametab                           0x200000a0   Data          56  usmart_config.o(.data)
    usmart_dev                               0x200000d8   Data         244  usmart_config.o(.data)
    USART3_RX_BUF                            0x200001dc   Data         600  usart3.o(.bss)
    USART3_TX_BUF                            0x20000434   Data         600  usart3.o(.bss)
    USART_RX_BUF                             0x2000068c   Data         200  usart.o(.bss)
    __libspace_start                         0x20000754   Data          96  libspace.o(.bss)
    __temporary_stack_top$libspace           0x200007b4   Data           0  libspace.o(.bss)



==============================================================================

Memory Map of the image

  Image Entry point : 0x080000ed

  Load Region LR_IROM1 (Base: 0x08000000, Size: 0x000096e0, Max: 0x00010000, ABSOLUTE, COMPRESSED[0x000095a0])

    Execution Region ER_IROM1 (Base: 0x08000000, Size: 0x00009514, Max: 0x00010000, ABSOLUTE)

    Base Addr    Size         Type   Attr      Idx    E Section Name        Object

    0x08000000   0x000000ec   Data   RO         1422    RESET               startup_stm32f10x_md.o
    0x080000ec   0x00000008   Code   RO         2861  * !!!main             c_w.l(__main.o)
    0x080000f4   0x00000034   Code   RO         3281    !!!scatter          c_w.l(__scatter.o)
    0x08000128   0x0000005a   Code   RO         3279    !!dczerorl2         c_w.l(__dczerorl2.o)
    0x08000182   0x00000002   PAD
    0x08000184   0x0000001c   Code   RO         3283    !!handler_zi        c_w.l(__scatter_zi.o)
    0x080001a0   0x00000000   Code   RO         2852    .ARM.Collect$$_printf_percent$$00000000  c_w.l(_printf_percent.o)
    0x080001a0   0x00000006   Code   RO         2971    .ARM.Collect$$_printf_percent$$00000001  c_w.l(_printf_n.o)
    0x080001a6   0x00000006   Code   RO         2972    .ARM.Collect$$_printf_percent$$00000002  c_w.l(_printf_p.o)
    0x080001ac   0x00000006   Code   RO         2975    .ARM.Collect$$_printf_percent$$00000003  c_w.l(_printf_f.o)
    0x080001b2   0x00000006   Code   RO         2976    .ARM.Collect$$_printf_percent$$00000004  c_w.l(_printf_e.o)
    0x080001b8   0x00000006   Code   RO         2977    .ARM.Collect$$_printf_percent$$00000005  c_w.l(_printf_g.o)
    0x080001be   0x00000006   Code   RO         2978    .ARM.Collect$$_printf_percent$$00000006  c_w.l(_printf_a.o)
    0x080001c4   0x0000000a   Code   RO         2983    .ARM.Collect$$_printf_percent$$00000007  c_w.l(_printf_ll.o)
    0x080001ce   0x00000006   Code   RO         2974    .ARM.Collect$$_printf_percent$$00000008  c_w.l(_printf_i.o)
    0x080001d4   0x00000006   Code   RO         2850    .ARM.Collect$$_printf_percent$$00000009  c_w.l(_printf_d.o)
    0x080001da   0x00000006   Code   RO         2851    .ARM.Collect$$_printf_percent$$0000000A  c_w.l(_printf_u.o)
    0x080001e0   0x00000006   Code   RO         2973    .ARM.Collect$$_printf_percent$$0000000B  c_w.l(_printf_o.o)
    0x080001e6   0x00000006   Code   RO         2849    .ARM.Collect$$_printf_percent$$0000000C  c_w.l(_printf_x.o)
    0x080001ec   0x00000006   Code   RO         2980    .ARM.Collect$$_printf_percent$$0000000D  c_w.l(_printf_lli.o)
    0x080001f2   0x00000006   Code   RO         2981    .ARM.Collect$$_printf_percent$$0000000E  c_w.l(_printf_lld.o)
    0x080001f8   0x00000006   Code   RO         2982    .ARM.Collect$$_printf_percent$$0000000F  c_w.l(_printf_llu.o)
    0x080001fe   0x00000006   Code   RO         2987    .ARM.Collect$$_printf_percent$$00000010  c_w.l(_printf_llo.o)
    0x08000204   0x00000006   Code   RO         2988    .ARM.Collect$$_printf_percent$$00000011  c_w.l(_printf_llx.o)
    0x0800020a   0x0000000a   Code   RO         2984    .ARM.Collect$$_printf_percent$$00000012  c_w.l(_printf_l.o)
    0x08000214   0x00000006   Code   RO         2847    .ARM.Collect$$_printf_percent$$00000013  c_w.l(_printf_c.o)
    0x0800021a   0x00000006   Code   RO         2848    .ARM.Collect$$_printf_percent$$00000014  c_w.l(_printf_s.o)
    0x08000220   0x00000006   Code   RO         2985    .ARM.Collect$$_printf_percent$$00000015  c_w.l(_printf_lc.o)
    0x08000226   0x00000006   Code   RO         2986    .ARM.Collect$$_printf_percent$$00000016  c_w.l(_printf_ls.o)
    0x0800022c   0x00000004   Code   RO         2979    .ARM.Collect$$_printf_percent$$00000017  c_w.l(_printf_percent_end.o)
    0x08000230   0x00000002   Code   RO         3140    .ARM.Collect$$libinit$$00000000  c_w.l(libinit.o)
    0x08000232   0x00000000   Code   RO         3159    .ARM.Collect$$libinit$$00000002  c_w.l(libinit2.o)
    0x08000232   0x00000000   Code   RO         3161    .ARM.Collect$$libinit$$00000004  c_w.l(libinit2.o)
    0x08000232   0x00000000   Code   RO         3164    .ARM.Collect$$libinit$$0000000A  c_w.l(libinit2.o)
    0x08000232   0x00000000   Code   RO         3166    .ARM.Collect$$libinit$$0000000C  c_w.l(libinit2.o)
    0x08000232   0x00000000   Code   RO         3168    .ARM.Collect$$libinit$$0000000E  c_w.l(libinit2.o)
    0x08000232   0x00000006   Code   RO         3169    .ARM.Collect$$libinit$$0000000F  c_w.l(libinit2.o)
    0x08000238   0x00000000   Code   RO         3171    .ARM.Collect$$libinit$$00000011  c_w.l(libinit2.o)
    0x08000238   0x0000000c   Code   RO         3172    .ARM.Collect$$libinit$$00000012  c_w.l(libinit2.o)
    0x08000244   0x00000000   Code   RO         3173    .ARM.Collect$$libinit$$00000013  c_w.l(libinit2.o)
    0x08000244   0x00000000   Code   RO         3175    .ARM.Collect$$libinit$$00000015  c_w.l(libinit2.o)
    0x08000244   0x0000000a   Code   RO         3176    .ARM.Collect$$libinit$$00000016  c_w.l(libinit2.o)
    0x0800024e   0x00000000   Code   RO         3177    .ARM.Collect$$libinit$$00000017  c_w.l(libinit2.o)
    0x0800024e   0x00000000   Code   RO         3179    .ARM.Collect$$libinit$$00000019  c_w.l(libinit2.o)
    0x0800024e   0x00000000   Code   RO         3181    .ARM.Collect$$libinit$$0000001B  c_w.l(libinit2.o)
    0x0800024e   0x00000000   Code   RO         3183    .ARM.Collect$$libinit$$0000001D  c_w.l(libinit2.o)
    0x0800024e   0x00000000   Code   RO         3185    .ARM.Collect$$libinit$$0000001F  c_w.l(libinit2.o)
    0x0800024e   0x00000000   Code   RO         3187    .ARM.Collect$$libinit$$00000021  c_w.l(libinit2.o)
    0x0800024e   0x00000000   Code   RO         3189    .ARM.Collect$$libinit$$00000023  c_w.l(libinit2.o)
    0x0800024e   0x00000000   Code   RO         3191    .ARM.Collect$$libinit$$00000025  c_w.l(libinit2.o)
    0x0800024e   0x00000000   Code   RO         3195    .ARM.Collect$$libinit$$0000002C  c_w.l(libinit2.o)
    0x0800024e   0x00000000   Code   RO         3197    .ARM.Collect$$libinit$$0000002E  c_w.l(libinit2.o)
    0x0800024e   0x00000000   Code   RO         3199    .ARM.Collect$$libinit$$00000030  c_w.l(libinit2.o)
    0x0800024e   0x00000000   Code   RO         3201    .ARM.Collect$$libinit$$00000032  c_w.l(libinit2.o)
    0x0800024e   0x00000002   Code   RO         3202    .ARM.Collect$$libinit$$00000033  c_w.l(libinit2.o)
    0x08000250   0x00000002   Code   RO         3232    .ARM.Collect$$libshutdown$$00000000  c_w.l(libshutdown.o)
    0x08000252   0x00000000   Code   RO         3247    .ARM.Collect$$libshutdown$$00000003  c_w.l(libshutdown2.o)
    0x08000252   0x00000000   Code   RO         3250    .ARM.Collect$$libshutdown$$00000006  c_w.l(libshutdown2.o)
    0x08000252   0x00000000   Code   RO         3253    .ARM.Collect$$libshutdown$$00000009  c_w.l(libshutdown2.o)
    0x08000252   0x00000000   Code   RO         3255    .ARM.Collect$$libshutdown$$0000000B  c_w.l(libshutdown2.o)
    0x08000252   0x00000000   Code   RO         3258    .ARM.Collect$$libshutdown$$0000000E  c_w.l(libshutdown2.o)
    0x08000252   0x00000002   Code   RO         3259    .ARM.Collect$$libshutdown$$0000000F  c_w.l(libshutdown2.o)
    0x08000254   0x00000000   Code   RO         2941    .ARM.Collect$$rtentry$$00000000  c_w.l(__rtentry.o)
    0x08000254   0x00000000   Code   RO         3044    .ARM.Collect$$rtentry$$00000002  c_w.l(__rtentry2.o)
    0x08000254   0x00000006   Code   RO         3056    .ARM.Collect$$rtentry$$00000004  c_w.l(__rtentry4.o)
    0x0800025a   0x00000000   Code   RO         3046    .ARM.Collect$$rtentry$$00000009  c_w.l(__rtentry2.o)
    0x0800025a   0x00000004   Code   RO         3047    .ARM.Collect$$rtentry$$0000000A  c_w.l(__rtentry2.o)
    0x0800025e   0x00000000   Code   RO         3049    .ARM.Collect$$rtentry$$0000000C  c_w.l(__rtentry2.o)
    0x0800025e   0x00000008   Code   RO         3050    .ARM.Collect$$rtentry$$0000000D  c_w.l(__rtentry2.o)
    0x08000266   0x00000002   Code   RO         3147    .ARM.Collect$$rtexit$$00000000  c_w.l(rtexit.o)
    0x08000268   0x00000000   Code   RO         3206    .ARM.Collect$$rtexit$$00000002  c_w.l(rtexit2.o)
    0x08000268   0x00000004   Code   RO         3207    .ARM.Collect$$rtexit$$00000003  c_w.l(rtexit2.o)
    0x0800026c   0x00000006   Code   RO         3208    .ARM.Collect$$rtexit$$00000004  c_w.l(rtexit2.o)
    0x08000272   0x00000002   PAD
    0x08000274   0x00000040   Code   RO         1423    .text               startup_stm32f10x_md.o
    0x080002b4   0x00000002   Code   RO         2788    .text               c_w.l(use_no_semi_2.o)
    0x080002b6   0x00000048   Code   RO         2790    .text               c_w.l(llsdiv.o)
    0x080002fe   0x00000002   PAD
    0x08000300   0x00000024   Code   RO         2792    .text               c_w.l(c89vsprintf.o)
    0x08000324   0x00000018   Code   RO         2794    .text               c_w.l(__2printf.o)
    0x0800033c   0x0000004e   Code   RO         2800    .text               c_w.l(_printf_pad.o)
    0x0800038a   0x00000052   Code   RO         2802    .text               c_w.l(_printf_str.o)
    0x080003dc   0x00000078   Code   RO         2804    .text               c_w.l(_printf_dec.o)
    0x08000454   0x00000094   Code   RO         2824    .text               c_w.l(_printf_hex_int_ll_ptr.o)
    0x080004e8   0x00000188   Code   RO         2844    .text               c_w.l(__printf_flags_ss_wp.o)
    0x08000670   0x00000058   Code   RO         2853    .text               c_w.l(memcmp.o)
    0x080006c8   0x0000003e   Code   RO         2855    .text               c_w.l(strlen.o)
    0x08000706   0x00000010   Code   RO         2857    .text               c_w.l(aeabi_memset.o)
    0x08000716   0x00000006   Code   RO         2859    .text               c_w.l(heapauxi.o)
    0x0800071c   0x00000002   Code   RO         2939    .text               c_w.l(use_no_semi.o)
    0x0800071e   0x000000ee   Code   RO         2942    .text               c_w.l(lludivv7m.o)
    0x0800080c   0x00000016   Code   RO         2944    .text               c_w.l(_rserrno.o)
    0x08000822   0x00000024   Code   RO         2946    .text               c_w.l(_printf_truncate.o)
    0x08000846   0x000000b2   Code   RO         2948    .text               c_w.l(_printf_intcommon.o)
    0x080008f8   0x00000028   Code   RO         2950    .text               c_w.l(_printf_charcount.o)
    0x08000920   0x00000030   Code   RO         2952    .text               c_w.l(_printf_char_common.o)
    0x08000950   0x0000000a   Code   RO         2954    .text               c_w.l(_sputc.o)
    0x0800095a   0x0000002c   Code   RO         2956    .text               c_w.l(_printf_char.o)
    0x08000986   0x00000002   PAD
    0x08000988   0x00000024   Code   RO         2958    .text               c_w.l(_printf_char_file.o)
    0x080009ac   0x000000bc   Code   RO         2960    .text               c_w.l(_printf_wctomb.o)
    0x08000a68   0x0000007c   Code   RO         2963    .text               c_w.l(_printf_longlong_dec.o)
    0x08000ae4   0x00000070   Code   RO         2969    .text               c_w.l(_printf_oct_int_ll.o)
    0x08000b54   0x00000044   Code   RO         2989    .text               c_w.l(rt_memclr.o)
    0x08000b98   0x00000008   Code   RO         3065    .text               c_w.l(rt_errno_addr_intlibspace.o)
    0x08000ba0   0x0000008a   Code   RO         3067    .text               c_w.l(lludiv10.o)
    0x08000c2a   0x0000041a   Code   RO         3069    .text               c_w.l(_printf_fp_dec.o)
    0x08001044   0x0000002c   Code   RO         3073    .text               c_w.l(_printf_wchar.o)
    0x08001070   0x00000008   Code   RO         3075    .text               c_w.l(ferror.o)
    0x08001078   0x00000040   Code   RO         3079    .text               c_w.l(_wcrtomb.o)
    0x080010b8   0x0000004e   Code   RO         3081    .text               c_w.l(rt_memclr_w.o)
    0x08001106   0x00000002   PAD
    0x08001108   0x00000008   Code   RO         3089    .text               c_w.l(libspace.o)
    0x08001110   0x0000004a   Code   RO         3092    .text               c_w.l(sys_stackheap_outer.o)
    0x0800115a   0x00000002   PAD
    0x0800115c   0x00000010   Code   RO         3094    .text               c_w.l(rt_ctype_table.o)
    0x0800116c   0x00000008   Code   RO         3101    .text               c_w.l(rt_locale_intlibspace.o)
    0x08001174   0x00000080   Code   RO         3103    .text               c_w.l(_printf_fp_infnan.o)
    0x080011f4   0x000000dc   Code   RO         3105    .text               c_w.l(bigflt0.o)
    0x080012d0   0x0000000c   Code   RO         3133    .text               c_w.l(exit.o)
    0x080012dc   0x00000080   Code   RO         3156    .text               c_w.l(strcmpv7m.o)
    0x0800135c   0x0000003e   Code   RO         3108    CL$$btod_d2e        c_w.l(btod.o)
    0x0800139a   0x00000046   Code   RO         3110    CL$$btod_d2e_denorm_low  c_w.l(btod.o)
    0x080013e0   0x00000060   Code   RO         3109    CL$$btod_d2e_norm_op1  c_w.l(btod.o)
    0x08001440   0x00000338   Code   RO         3118    CL$$btod_div_common  c_w.l(btod.o)
    0x08001778   0x000000c6   Code   RO         3115    CL$$btod_e2e        c_w.l(btod.o)
    0x0800183e   0x00000028   Code   RO         3112    CL$$btod_ediv       c_w.l(btod.o)
    0x08001866   0x00000028   Code   RO         3111    CL$$btod_emul       c_w.l(btod.o)
    0x0800188e   0x00000244   Code   RO         3117    CL$$btod_mult_common  c_w.l(btod.o)
    0x08001ad2   0x00000004   Code   RO          166    i.BusFault_Handler  stm32f10x_it.o
    0x08001ad6   0x00000002   Code   RO          167    i.DebugMon_Handler  stm32f10x_it.o
    0x08001ad8   0x00000116   Code   RO         1589    i.GPIO_Init         stm32f10x_gpio.o
    0x08001bee   0x00000002   PAD
    0x08001bf0   0x00000090   Code   RO         1591    i.GPIO_PinRemapConfig  stm32f10x_gpio.o
    0x08001c80   0x00000004   Code   RO         1596    i.GPIO_ResetBits    stm32f10x_gpio.o
    0x08001c84   0x00000004   Code   RO         1597    i.GPIO_SetBits      stm32f10x_gpio.o
    0x08001c88   0x00000004   Code   RO          168    i.HardFault_Handler  stm32f10x_it.o
    0x08001c8c   0x00000068   Code   RO          585    i.MPU_Get_Temperature  mpu6050.o
    0x08001cf4   0x0000004c   Code   RO          523    i.MPU_IIC_Ack       mpuiic.o
    0x08001d40   0x0000000a   Code   RO          524    i.MPU_IIC_Delay     mpuiic.o
    0x08001d4a   0x00000002   PAD
    0x08001d4c   0x00000038   Code   RO          525    i.MPU_IIC_Init      mpuiic.o
    0x08001d84   0x0000004c   Code   RO          526    i.MPU_IIC_NAck      mpuiic.o
    0x08001dd0   0x0000006c   Code   RO          527    i.MPU_IIC_Read_Byte  mpuiic.o
    0x08001e3c   0x0000005c   Code   RO          528    i.MPU_IIC_Send_Byte  mpuiic.o
    0x08001e98   0x00000048   Code   RO          529    i.MPU_IIC_Start     mpuiic.o
    0x08001ee0   0x00000048   Code   RO          530    i.MPU_IIC_Stop      mpuiic.o
    0x08001f28   0x00000064   Code   RO          531    i.MPU_IIC_Wait_Ack  mpuiic.o
    0x08001f8c   0x000000c0   Code   RO          586    i.MPU_Init          mpu6050.o
    0x0800204c   0x0000003a   Code   RO          587    i.MPU_Read_Byte     mpu6050.o
    0x08002086   0x00000074   Code   RO          588    i.MPU_Read_Len      mpu6050.o
    0x080020fa   0x00000010   Code   RO          589    i.MPU_Set_Accel_Fsr  mpu6050.o
    0x0800210a   0x00000010   Code   RO          590    i.MPU_Set_Gyro_Fsr  mpu6050.o
    0x0800211a   0x0000003a   Code   RO          591    i.MPU_Set_LPF       mpu6050.o
    0x08002154   0x0000003a   Code   RO          592    i.MPU_Set_Rate      mpu6050.o
    0x0800218e   0x00000044   Code   RO          593    i.MPU_Write_Byte    mpu6050.o
    0x080021d2   0x00000060   Code   RO          594    i.MPU_Write_Len     mpu6050.o
    0x08002232   0x00000004   Code   RO          169    i.MemManage_Handler  stm32f10x_it.o
    0x08002236   0x00000002   Code   RO          170    i.NMI_Handler       stm32f10x_it.o
    0x08002238   0x00000070   Code   RO         1427    i.NVIC_Init         misc.o
    0x080022a8   0x00000014   Code   RO         1428    i.NVIC_PriorityGroupConfig  misc.o
    0x080022bc   0x00000080   Code   RO         1212    i.PWMIO_Init        timer.o
    0x0800233c   0x00000002   Code   RO          171    i.PendSV_Handler    stm32f10x_it.o
    0x0800233e   0x00000002   PAD
    0x08002340   0x00000020   Code   RO         1699    i.RCC_APB1PeriphClockCmd  stm32f10x_rcc.o
    0x08002360   0x00000020   Code   RO         1700    i.RCC_APB1PeriphResetCmd  stm32f10x_rcc.o
    0x08002380   0x00000020   Code   RO         1701    i.RCC_APB2PeriphClockCmd  stm32f10x_rcc.o
    0x080023a0   0x00000020   Code   RO         1702    i.RCC_APB2PeriphResetCmd  stm32f10x_rcc.o
    0x080023c0   0x000000d4   Code   RO         1709    i.RCC_GetClocksFreq  stm32f10x_rcc.o
    0x08002494   0x00000002   Code   RO          172    i.SVC_Handler       stm32f10x_it.o
    0x08002496   0x00000008   Code   RO          255    i.SetSysClock       system_stm32f10x.o
    0x0800249e   0x00000002   PAD
    0x080024a0   0x000000e0   Code   RO          256    i.SetSysClockTo72   system_stm32f10x.o
    0x08002580   0x00000028   Code   RO         1431    i.SysTick_CLKSourceConfig  misc.o
    0x080025a8   0x00000002   Code   RO          173    i.SysTick_Handler   stm32f10x_it.o
    0x080025aa   0x00000002   PAD
    0x080025ac   0x00000060   Code   RO          258    i.SystemInit        system_stm32f10x.o
    0x0800260c   0x00000030   Code   RO         1214    i.TIM2_IRQHandler   timer.o
    0x0800263c   0x0000005c   Code   RO         1215    i.TIM2_Int_Init     timer.o
    0x08002698   0x000000d0   Code   RO         1216    i.TIM3_IRQHandler   timer.o
    0x08002768   0x0000005c   Code   RO         1217    i.TIM3_Int_Init     timer.o
    0x080027c4   0x00000038   Code   RO         2625    i.TIM4_IRQHandler   usmart.o
    0x080027fc   0x00000006   Code   RO         2087    i.TIM_ClearFlag     stm32f10x_tim.o
    0x08002802   0x00000006   Code   RO         2088    i.TIM_ClearITPendingBit  stm32f10x_tim.o
    0x08002808   0x00000018   Code   RO         2093    i.TIM_Cmd           stm32f10x_tim.o
    0x08002820   0x00000006   Code   RO         2112    i.TIM_GetCounter    stm32f10x_tim.o
    0x08002826   0x00000012   Code   RO         2113    i.TIM_GetFlagStatus  stm32f10x_tim.o
    0x08002838   0x00000022   Code   RO         2114    i.TIM_GetITStatus   stm32f10x_tim.o
    0x0800285a   0x00000012   Code   RO         2118    i.TIM_ITConfig      stm32f10x_tim.o
    0x0800286c   0x00000004   Code   RO         2152    i.TIM_SetAutoreload  stm32f10x_tim.o
    0x08002870   0x00000004   Code   RO         2158    i.TIM_SetCounter    stm32f10x_tim.o
    0x08002874   0x000000a4   Code   RO         2164    i.TIM_TimeBaseInit  stm32f10x_tim.o
    0x08002918   0x0000005c   Code   RO         2626    i.Timer4_Init       usmart.o
    0x08002974   0x00000088   Code   RO         1369    i.USART1_IRQHandler  usart.o
    0x080029fc   0x0000006c   Code   RO         1264    i.USART2_IRQHandler  usart3.o
    0x08002a68   0x00000018   Code   RO         1901    i.USART_Cmd         stm32f10x_usart.o
    0x08002a80   0x0000009c   Code   RO         1903    i.USART_DeInit      stm32f10x_usart.o
    0x08002b1c   0x0000001a   Code   RO         1904    i.USART_GetFlagStatus  stm32f10x_usart.o
    0x08002b36   0x00000054   Code   RO         1905    i.USART_GetITStatus  stm32f10x_usart.o
    0x08002b8a   0x0000004a   Code   RO         1907    i.USART_ITConfig    stm32f10x_usart.o
    0x08002bd4   0x000000d8   Code   RO         1908    i.USART_Init        stm32f10x_usart.o
    0x08002cac   0x0000000a   Code   RO         1915    i.USART_ReceiveData  stm32f10x_usart.o
    0x08002cb6   0x00000008   Code   RO         1918    i.USART_SendData    stm32f10x_usart.o
    0x08002cbe   0x00000004   Code   RO          174    i.UsageFault_Handler  stm32f10x_it.o
    0x08002cc2   0x00000028   Code   RO         3030    i.__ARM_fpclassify  m_ws.l(fpclassify.o)
    0x08002cea   0x000000aa   Code   RO         3032    i.__kernel_poly     m_ws.l(poly.o)
    0x08002d94   0x00000006   Code   RO         3017    i.__mathlib_dbl_infnan  m_ws.l(dunder.o)
    0x08002d9a   0x00000004   Code   RO         3018    i.__mathlib_dbl_infnan2  m_ws.l(dunder.o)
    0x08002d9e   0x0000000c   Code   RO         3019    i.__mathlib_dbl_invalid  m_ws.l(dunder.o)
    0x08002daa   0x00000002   PAD
    0x08002dac   0x00000010   Code   RO         3022    i.__mathlib_dbl_underflow  m_ws.l(dunder.o)
    0x08002dbc   0x0000000e   Code   RO         2837    i._is_digit         c_w.l(__printf_wp.o)
    0x08002dca   0x00000006   Code   RO         1370    i._sys_exit         usart.o
    0x08002dd0   0x000000a8   Code   RO          665    i.accel_self_test   inv_mpu.o
    0x08002e78   0x00000270   Code   RO         2922    i.asin              m_ws.l(asin.o)
    0x080030e8   0x00000220   Code   RO         3007    i.atan              m_ws.l(atan.o)
    0x08003308   0x00000180   Code   RO         2932    i.atan2             m_ws.l(atan2.o)
    0x08003488   0x00000064   Code   RO          996    i.decode_gesture    inv_mpu_dmp_motion_driver.o
    0x080034ec   0x00000044   Code   RO         1314    i.delay_init        delay.o
    0x08003530   0x0000004c   Code   RO         1315    i.delay_ms          delay.o
    0x0800357c   0x0000004c   Code   RO         1316    i.delay_us          delay.o
    0x080035c8   0x0000003c   Code   RO          997    i.dmp_enable_6x_lp_quat  inv_mpu_dmp_motion_driver.o
    0x08003604   0x0000021c   Code   RO          998    i.dmp_enable_feature  inv_mpu_dmp_motion_driver.o
    0x08003820   0x00000058   Code   RO          999    i.dmp_enable_gyro_cal  inv_mpu_dmp_motion_driver.o
    0x08003878   0x0000003c   Code   RO         1000    i.dmp_enable_lp_quat  inv_mpu_dmp_motion_driver.o
    0x080038b4   0x00000018   Code   RO         1005    i.dmp_load_motion_driver_firmware  inv_mpu_dmp_motion_driver.o
    0x080038cc   0x000001cc   Code   RO         1006    i.dmp_read_fifo     inv_mpu_dmp_motion_driver.o
    0x08003a98   0x00000130   Code   RO         1009    i.dmp_set_accel_bias  inv_mpu_dmp_motion_driver.o
    0x08003bc8   0x00000070   Code   RO         1010    i.dmp_set_fifo_rate  inv_mpu_dmp_motion_driver.o
    0x08003c38   0x00000130   Code   RO         1011    i.dmp_set_gyro_bias  inv_mpu_dmp_motion_driver.o
    0x08003d68   0x00000138   Code   RO         1013    i.dmp_set_orientation  inv_mpu_dmp_motion_driver.o
    0x08003ea0   0x00000038   Code   RO         1016    i.dmp_set_shake_reject_thresh  inv_mpu_dmp_motion_driver.o
    0x08003ed8   0x00000026   Code   RO         1017    i.dmp_set_shake_reject_time  inv_mpu_dmp_motion_driver.o
    0x08003efe   0x00000026   Code   RO         1018    i.dmp_set_shake_reject_timeout  inv_mpu_dmp_motion_driver.o
    0x08003f24   0x00000046   Code   RO         1019    i.dmp_set_tap_axes  inv_mpu_dmp_motion_driver.o
    0x08003f6a   0x00000026   Code   RO         1020    i.dmp_set_tap_count  inv_mpu_dmp_motion_driver.o
    0x08003f90   0x000001a0   Code   RO         1021    i.dmp_set_tap_thresh  inv_mpu_dmp_motion_driver.o
    0x08004130   0x00000026   Code   RO         1022    i.dmp_set_tap_time  inv_mpu_dmp_motion_driver.o
    0x08004156   0x00000026   Code   RO         1023    i.dmp_set_tap_time_multi  inv_mpu_dmp_motion_driver.o
    0x0800417c   0x0000001c   Code   RO         1371    i.fputc             usart.o
    0x08004198   0x000000b4   Code   RO          666    i.get_accel_prod_shift  inv_mpu.o
    0x0800424c   0x00000470   Code   RO          667    i.get_st_biases     inv_mpu.o
    0x080046bc   0x00000110   Code   RO          668    i.gyro_self_test    inv_mpu.o
    0x080047cc   0x00000028   Code   RO          669    i.inv_orientation_matrix_to_scalar  inv_mpu.o
    0x080047f4   0x0000004e   Code   RO          670    i.inv_row_2_scale   inv_mpu.o
    0x08004842   0x00000002   PAD
    0x08004844   0x000002c8   Code   RO            1    i.main              main.o
    0x08004b0c   0x00000002   Code   RO          671    i.mget_ms           inv_mpu.o
    0x08004b0e   0x00000002   PAD
    0x08004b10   0x00000070   Code   RO          672    i.mpu_configure_fifo  inv_mpu.o
    0x08004b80   0x00000224   Code   RO          673    i.mpu_dmp_get_data  inv_mpu.o
    0x08004da4   0x000000a0   Code   RO          674    i.mpu_dmp_init      inv_mpu.o
    0x08004e44   0x0000004c   Code   RO          675    i.mpu_get_accel_fsr  inv_mpu.o
    0x08004e90   0x00000054   Code   RO          677    i.mpu_get_accel_sens  inv_mpu.o
    0x08004ee4   0x00000010   Code   RO          682    i.mpu_get_fifo_config  inv_mpu.o
    0x08004ef4   0x00000044   Code   RO          683    i.mpu_get_gyro_fsr  inv_mpu.o
    0x08004f38   0x00000050   Code   RO          685    i.mpu_get_gyro_sens  inv_mpu.o
    0x08004f88   0x00000050   Code   RO          687    i.mpu_get_lpf       inv_mpu.o
    0x08004fd8   0x00000020   Code   RO          689    i.mpu_get_sample_rate  inv_mpu.o
    0x08004ff8   0x000001f0   Code   RO          691    i.mpu_init          inv_mpu.o
    0x080051e8   0x000000b8   Code   RO          692    i.mpu_load_firmware  inv_mpu.o
    0x080052a0   0x000000e0   Code   RO          693    i.mpu_lp_accel_mode  inv_mpu.o
    0x08005380   0x000000c0   Code   RO          696    i.mpu_read_fifo_stream  inv_mpu.o
    0x08005440   0x00000080   Code   RO          697    i.mpu_read_mem      inv_mpu.o
    0x080054c0   0x000001c8   Code   RO          700    i.mpu_reset_fifo    inv_mpu.o
    0x08005688   0x0000011c   Code   RO          701    i.mpu_run_self_test  inv_mpu.o
    0x080057a4   0x00000084   Code   RO          703    i.mpu_set_accel_fsr  inv_mpu.o
    0x08005828   0x0000014c   Code   RO          704    i.mpu_set_bypass    inv_mpu.o
    0x08005974   0x00000090   Code   RO          706    i.mpu_set_dmp_state  inv_mpu.o
    0x08005a04   0x00000088   Code   RO          707    i.mpu_set_gyro_fsr  inv_mpu.o
    0x08005a8c   0x0000006c   Code   RO          708    i.mpu_set_int_latched  inv_mpu.o
    0x08005af8   0x00000084   Code   RO          710    i.mpu_set_lpf       inv_mpu.o
    0x08005b7c   0x0000009c   Code   RO          711    i.mpu_set_sample_rate  inv_mpu.o
    0x08005c18   0x000000d0   Code   RO          712    i.mpu_set_sensors   inv_mpu.o
    0x08005ce8   0x00000080   Code   RO          713    i.mpu_write_mem     inv_mpu.o
    0x08005d68   0x00000006   Code   RO         2627    i.read_addr         usmart.o
    0x08005d6e   0x00000094   Code   RO          714    i.run_self_test     inv_mpu.o
    0x08005e02   0x00000002   PAD
    0x08005e04   0x00000090   Code   RO          715    i.set_int_enable    inv_mpu.o
    0x08005e94   0x0000004c   Code   RO         3036    i.sqrt              m_ws.l(sqrt.o)
    0x08005ee0   0x00000050   Code   RO         1265    i.u2_printf         usart3.o
    0x08005f30   0x000000a0   Code   RO         1372    i.uart_init         usart.o
    0x08005fd0   0x000000c8   Code   RO         1267    i.usart2_init       usart3.o
    0x08006098   0x000000b0   Code   RO         2628    i.usmart_cmd_rec    usmart.o
    0x08006148   0x000002d4   Code   RO         2629    i.usmart_exe        usmart.o
    0x0800641c   0x000000c8   Code   RO         2714    i.usmart_get_aparm  usmart_str.o
    0x080064e4   0x00000036   Code   RO         2715    i.usmart_get_cmdname  usmart_str.o
    0x0800651a   0x00000002   PAD
    0x0800651c   0x000001c0   Code   RO         2716    i.usmart_get_fname  usmart_str.o
    0x080066dc   0x0000010c   Code   RO         2717    i.usmart_get_fparam  usmart_str.o
    0x080067e8   0x00000020   Code   RO         2718    i.usmart_get_parmpos  usmart_str.o
    0x08006808   0x00000044   Code   RO         2630    i.usmart_get_runtime  usmart.o
    0x0800684c   0x00000028   Code   RO         2631    i.usmart_init       usmart.o
    0x08006874   0x00000016   Code   RO         2719    i.usmart_pow        usmart_str.o
    0x0800688a   0x00000002   PAD
    0x0800688c   0x00000030   Code   RO         2632    i.usmart_reset_runtime  usmart.o
    0x080068bc   0x000000bc   Code   RO         2633    i.usmart_scan       usmart.o
    0x08006978   0x00000016   Code   RO         2720    i.usmart_search_nextc  usmart_str.o
    0x0800698e   0x000000ca   Code   RO         2721    i.usmart_str2num    usmart_str.o
    0x08006a58   0x00000022   Code   RO         2722    i.usmart_strcmp     usmart_str.o
    0x08006a7a   0x00000016   Code   RO         2723    i.usmart_strcopy    usmart_str.o
    0x08006a90   0x00000018   Code   RO         2724    i.usmart_strlen     usmart_str.o
    0x08006aa8   0x000006e4   Code   RO         2634    i.usmart_sys_cmd_exe  usmart.o
    0x0800718c   0x00000004   Code   RO         2635    i.write_addr        usmart.o
    0x08007190   0x0000002c   Code   RO         3131    locale$$code        c_w.l(lc_numeric_c.o)
    0x080071bc   0x0000002c   Code   RO         3150    locale$$code        c_w.l(lc_ctype_c.o)
    0x080071e8   0x00000062   Code   RO         2863    x$fpl$d2f           fz_ws.l(d2f.o)
    0x0800724a   0x00000002   PAD
    0x0800724c   0x00000150   Code   RO         2865    x$fpl$dadd          fz_ws.l(daddsub_clz.o)
    0x0800739c   0x00000010   Code   RO         3083    x$fpl$dcheck1       fz_ws.l(dcheck1.o)
    0x080073ac   0x000002b0   Code   RO         2872    x$fpl$ddiv          fz_ws.l(ddiv.o)
    0x0800765c   0x0000002e   Code   RO         2880    x$fpl$dflt          fz_ws.l(dflt_clz.o)
    0x0800768a   0x00000002   PAD
    0x0800768c   0x00000154   Code   RO         2885    x$fpl$dmul          fz_ws.l(dmul.o)
    0x080077e0   0x0000009c   Code   RO         2991    x$fpl$dnaninf       fz_ws.l(dnaninf.o)
    0x0800787c   0x0000000c   Code   RO         2993    x$fpl$dretinf       fz_ws.l(dretinf.o)
    0x08007888   0x00000016   Code   RO         2866    x$fpl$drsb          fz_ws.l(daddsub_clz.o)
    0x0800789e   0x00000002   PAD
    0x080078a0   0x000001cc   Code   RO         3087    x$fpl$dsqrt         fz_ws.l(dsqrt_noumaal.o)
    0x08007a6c   0x000001d4   Code   RO         2867    x$fpl$dsub          fz_ws.l(daddsub_clz.o)
    0x08007c40   0x00000056   Code   RO         2887    x$fpl$f2d           fz_ws.l(f2d.o)
    0x08007c96   0x00000002   PAD
    0x08007c98   0x000000c4   Code   RO         2889    x$fpl$fadd          fz_ws.l(faddsub_clz.o)
    0x08007d5c   0x00000018   Code   RO         2995    x$fpl$fcmpinf       fz_ws.l(fcmpi.o)
    0x08007d74   0x00000184   Code   RO         2896    x$fpl$fdiv          fz_ws.l(fdiv.o)
    0x08007ef8   0x00000068   Code   RO         2899    x$fpl$feqf          fz_ws.l(feqf.o)
    0x08007f60   0x00000036   Code   RO         2901    x$fpl$ffix          fz_ws.l(ffix.o)
    0x08007f96   0x00000002   PAD
    0x08007f98   0x0000003e   Code   RO         2905    x$fpl$ffixu         fz_ws.l(ffixu.o)
    0x08007fd6   0x00000002   PAD
    0x08007fd8   0x00000030   Code   RO         2910    x$fpl$fflt          fz_ws.l(fflt_clz.o)
    0x08008008   0x00000026   Code   RO         2909    x$fpl$ffltu         fz_ws.l(fflt_clz.o)
    0x0800802e   0x00000002   PAD
    0x08008030   0x00000068   Code   RO         2915    x$fpl$fleqf         fz_ws.l(fleqf.o)
    0x08008098   0x00000102   Code   RO         2917    x$fpl$fmul          fz_ws.l(fmul.o)
    0x0800819a   0x0000008c   Code   RO         2997    x$fpl$fnaninf       fz_ws.l(fnaninf.o)
    0x08008226   0x0000000a   Code   RO         2999    x$fpl$fretinf       fz_ws.l(fretinf.o)
    0x08008230   0x00000062   Code   RO         2919    x$fpl$frleqf        fz_ws.l(frleqf.o)
    0x08008292   0x00000002   PAD
    0x08008294   0x000000ea   Code   RO         2891    x$fpl$fsub          fz_ws.l(faddsub_clz.o)
    0x0800837e   0x00000004   Code   RO         3001    x$fpl$printf1       fz_ws.l(printf1.o)
    0x08008382   0x00000064   Code   RO         3145    x$fpl$retnan        fz_ws.l(retnan.o)
    0x080083e6   0x0000005c   Code   RO         3003    x$fpl$scalbn        fz_ws.l(scalbn.o)
    0x08008442   0x00000030   Code   RO         3203    x$fpl$trapveneer    fz_ws.l(trapv.o)
    0x08008472   0x00000000   Code   RO         3005    x$fpl$usenofp       fz_ws.l(usenofp.o)
    0x08008472   0x00000002   PAD
    0x08008474   0x00000050   Data   RO          717    .constdata          inv_mpu.o
    0x080084c4   0x00000bf6   Data   RO         1025    .constdata          inv_mpu_dmp_motion_driver.o
    0x080090ba   0x00000028   Data   RO         2825    .constdata          c_w.l(_printf_hex_int_ll_ptr.o)
    0x080090e2   0x00000011   Data   RO         2845    .constdata          c_w.l(__printf_flags_ss_wp.o)
    0x080090f3   0x00000005   PAD
    0x080090f8   0x00000050   Data   RO         2923    .constdata          m_ws.l(asin.o)
    0x08009148   0x00000008   Data   RO         2961    .constdata          c_w.l(_printf_wctomb.o)
    0x08009150   0x00000098   Data   RO         3008    .constdata          m_ws.l(atan.o)
    0x080091e8   0x00000008   Data   RO         3034    .constdata          m_ws.l(qnan.o)
    0x080091f0   0x00000094   Data   RO         3106    .constdata          c_w.l(bigflt0.o)
    0x08009284   0x0000004d   Data   RO          718    .conststring        inv_mpu.o
    0x080092d1   0x00000003   PAD
    0x080092d4   0x00000028   Data   RO         2636    .conststring        usmart.o
    0x080092fc   0x000000cb   Data   RO         2701    .conststring        usmart_config.o
    0x080093c7   0x00000001   PAD
    0x080093c8   0x00000020   Data   RO         3277    Region$$Table       anon$$obj.o
    0x080093e8   0x0000001c   Data   RO         3130    locale$$data        c_w.l(lc_numeric_c.o)
    0x08009404   0x00000110   Data   RO         3149    locale$$data        c_w.l(lc_ctype_c.o)


    Execution Region RW_IRAM1 (Base: 0x20000000, Size: 0x00000db8, Max: 0x00005000, ABSOLUTE, COMPRESSED[0x0000008c])

    Base Addr    Size         Type   Attr      Idx    E Section Name        Object

    0x20000000   0x00000014   Data   RW            3    .data               main.o
    0x20000014   0x00000014   Data   RW          259    .data               system_stm32f10x.o
    0x20000028   0x00000035   Data   RW          719    .data               inv_mpu.o
    0x2000005d   0x00000001   PAD
    0x2000005e   0x00000002   Data   RW         1219    .data               timer.o
    0x20000060   0x00000002   Data   RW         1270    .data               usart3.o
    0x20000062   0x00000004   Data   RW         1317    .data               delay.o
    0x20000066   0x00000002   PAD
    0x20000068   0x00000006   Data   RW         1374    .data               usart.o
    0x2000006e   0x00000014   Data   RW         1729    .data               stm32f10x_rcc.o
    0x20000082   0x00000002   PAD
    0x20000084   0x0000001c   Data   RW         2637    .data               usmart.o
    0x200000a0   0x0000012c   Data   RW         2702    .data               usmart_config.o
    0x200001cc   0x00000010   Zero   RW         1024    .bss                inv_mpu_dmp_motion_driver.o
    0x200001dc   0x000004b0   Zero   RW         1269    .bss                usart3.o
    0x2000068c   0x000000c8   Zero   RW         1373    .bss                usart.o
    0x20000754   0x00000060   Zero   RW         3090    .bss                c_w.l(libspace.o)
    0x200007b4   0x00000004   PAD
    0x200007b8   0x00000200   Zero   RW         1421    HEAP                startup_stm32f10x_md.o
    0x200009b8   0x00000400   Zero   RW         1420    STACK               startup_stm32f10x_md.o


==============================================================================

Image component sizes


      Code (inc. data)   RO Data    RW Data    ZI Data      Debug   Object Name

       220         26          0          4          0       1603   delay.o
      6864        290        157         53          0      29844   inv_mpu.o
      3096        122       3062          0         16      20046   inv_mpu_dmp_motion_driver.o
       712        254          0         20          0     252980   main.o
       172         22          0          0          0       1961   misc.o
       782         30          0          0          0       6465   mpu6050.o
       662        100          0          0          0       4602   mpuiic.o
        64         26        236          0       1536        780   startup_stm32f10x_md.o
       430          6          0          0          0       3730   stm32f10x_gpio.o
        26          0          0          0          0       3486   stm32f10x_it.o
       340         44          0         20          0       5400   stm32f10x_rcc.o
       284         42          0          0          0       6012   stm32f10x_tim.o
       598         28          0          0          0       6492   stm32f10x_usart.o
         0          0          0          0          0         32   sys.o
       328         28          0         20          0       1965   system_stm32f10x.o
       568         50          0          2          0       2881   timer.o
       330         26          0          6        200       3988   usart.o
       388         32          0          2       1200       3050   usart3.o
      3166       1330         40         28          0       7210   usmart.o
         0          0        203        300          0       1516   usmart_config.o
      1328         20          0          0          0       8009   usmart_str.o

    ----------------------------------------------------------------------
     20378       2476       3734        460       2952     372052   Object Totals
         0          0         32          0          0          0   (incl. Generated)
        20          0          4          5          0          0   (incl. Padding)

    ----------------------------------------------------------------------

      Code (inc. data)   RO Data    RW Data    ZI Data      Debug   Library Member Name

        24          4          0          0          0         84   __2printf.o
        90          0          0          0          0          0   __dczerorl2.o
         8          0          0          0          0         68   __main.o
       392          4         17          0          0         92   __printf_flags_ss_wp.o
        14          0          0          0          0         68   __printf_wp.o
         0          0          0          0          0          0   __rtentry.o
        12          0          0          0          0          0   __rtentry2.o
         6          0          0          0          0          0   __rtentry4.o
        52          8          0          0          0          0   __scatter.o
        28          0          0          0          0          0   __scatter_zi.o
         6          0          0          0          0          0   _printf_a.o
         6          0          0          0          0          0   _printf_c.o
        44          0          0          0          0        108   _printf_char.o
        48          6          0          0          0         96   _printf_char_common.o
        36          4          0          0          0         80   _printf_char_file.o
        40          0          0          0          0         68   _printf_charcount.o
         6          0          0          0          0          0   _printf_d.o
       120         16          0          0          0         92   _printf_dec.o
         6          0          0          0          0          0   _printf_e.o
         6          0          0          0          0          0   _printf_f.o
      1050          0          0          0          0        216   _printf_fp_dec.o
       128         16          0          0          0         84   _printf_fp_infnan.o
         6          0          0          0          0          0   _printf_g.o
       148          4         40          0          0        160   _printf_hex_int_ll_ptr.o
         6          0          0          0          0          0   _printf_i.o
       178          0          0          0          0         88   _printf_intcommon.o
        10          0          0          0          0          0   _printf_l.o
         6          0          0          0          0          0   _printf_lc.o
        10          0          0          0          0          0   _printf_ll.o
         6          0          0          0          0          0   _printf_lld.o
         6          0          0          0          0          0   _printf_lli.o
         6          0          0          0          0          0   _printf_llo.o
         6          0          0          0          0          0   _printf_llu.o
         6          0          0          0          0          0   _printf_llx.o
       124         16          0          0          0         92   _printf_longlong_dec.o
         6          0          0          0          0          0   _printf_ls.o
         6          0          0          0          0          0   _printf_n.o
         6          0          0          0          0          0   _printf_o.o
       112          8          0          0          0        124   _printf_oct_int_ll.o
         6          0          0          0          0          0   _printf_p.o
        78          0          0          0          0        108   _printf_pad.o
         0          0          0          0          0          0   _printf_percent.o
         4          0          0          0          0          0   _printf_percent_end.o
         6          0          0          0          0          0   _printf_s.o
        82          0          0          0          0         80   _printf_str.o
        36          0          0          0          0         84   _printf_truncate.o
         6          0          0          0          0          0   _printf_u.o
        44          0          0          0          0        108   _printf_wchar.o
       188          6          8          0          0         92   _printf_wctomb.o
         6          0          0          0          0          0   _printf_x.o
        22          0          0          0          0        100   _rserrno.o
        10          0          0          0          0         68   _sputc.o
        64          0          0          0          0         92   _wcrtomb.o
        16          0          0          0          0         68   aeabi_memset.o
       220          4        148          0          0         96   bigflt0.o
      1910        128          0          0          0        672   btod.o
        36          4          0          0          0         76   c89vsprintf.o
        12          0          0          0          0         72   exit.o
         8          0          0          0          0         68   ferror.o
         6          0          0          0          0        152   heapauxi.o
        44         10        272          0          0         76   lc_ctype_c.o
        44         10         28          0          0         76   lc_numeric_c.o
         2          0          0          0          0          0   libinit.o
        30          0          0          0          0          0   libinit2.o
         2          0          0          0          0          0   libshutdown.o
         2          0          0          0          0          0   libshutdown2.o
         8          4          0          0         96         68   libspace.o
        72          0          0          0          0         76   llsdiv.o
       138          0          0          0          0         80   lludiv10.o
       238          0          0          0          0        100   lludivv7m.o
        88          0          0          0          0         76   memcmp.o
        16          4          0          0          0         76   rt_ctype_table.o
         8          4          0          0          0         68   rt_errno_addr_intlibspace.o
         8          4          0          0          0         68   rt_locale_intlibspace.o
        68          0          0          0          0         68   rt_memclr.o
        78          0          0          0          0         80   rt_memclr_w.o
         2          0          0          0          0          0   rtexit.o
        10          0          0          0          0          0   rtexit2.o
       128          0          0          0          0         68   strcmpv7m.o
        62          0          0          0          0         76   strlen.o
        74          0          0          0          0         80   sys_stackheap_outer.o
         2          0          0          0          0         68   use_no_semi.o
         2          0          0          0          0         68   use_no_semi_2.o
        98          4          0          0          0         92   d2f.o
       826         16          0          0          0        348   daddsub_clz.o
        16          4          0          0          0         68   dcheck1.o
       688        140          0          0          0        208   ddiv.o
        46          0          0          0          0         68   dflt_clz.o
       340         12          0          0          0        104   dmul.o
       156          4          0          0          0         92   dnaninf.o
        12          0          0          0          0         68   dretinf.o
       460         56          0          0          0        120   dsqrt_noumaal.o
        86          4          0          0          0         84   f2d.o
       430          8          0          0          0        168   faddsub_clz.o
        24          0          0          0          0         68   fcmpi.o
       388         76          0          0          0         96   fdiv.o
       104          4          0          0          0         84   feqf.o
        54          4          0          0          0         84   ffix.o
        62          4          0          0          0         84   ffixu.o
        86          0          0          0          0        136   fflt_clz.o
       104          4          0          0          0         84   fleqf.o
       258          4          0          0          0         84   fmul.o
       140          4          0          0          0         84   fnaninf.o
        10          0          0          0          0         68   fretinf.o
        98          0          0          0          0         68   frleqf.o
         4          0          0          0          0         68   printf1.o
       100          0          0          0          0         68   retnan.o
        92          0          0          0          0         68   scalbn.o
        48          0          0          0          0         68   trapv.o
         0          0          0          0          0          0   usenofp.o
       624         52         80          0          0        168   asin.o
       544         70        152          0          0        124   atan.o
       384         38          0          0          0        144   atan2.o
        38          6          0          0          0        272   dunder.o
        40          0          0          0          0         68   fpclassify.o
       170          0          0          0          0         96   poly.o
         0          0          8          0          0          0   qnan.o
        76          0          0          0          0         84   sqrt.o

    ----------------------------------------------------------------------
     13294        778        758          0        100       8316   Library Totals
        32          0          5          0          4          0   (incl. Padding)

    ----------------------------------------------------------------------

      Code (inc. data)   RO Data    RW Data    ZI Data      Debug   Library Name

      6656        264        513          0         96       4728   c_w.l
      4730        348          0          0          0       2632   fz_ws.l
      1876        166        240          0          0        956   m_ws.l

    ----------------------------------------------------------------------
     13294        778        758          0        100       8316   Library Totals

    ----------------------------------------------------------------------

==============================================================================


      Code (inc. data)   RO Data    RW Data    ZI Data      Debug   

     33672       3254       4492        460       3052     367936   Grand Totals
     33672       3254       4492        140       3052     367936   ELF Image Totals (compressed)
     33672       3254       4492        140          0          0   ROM Totals

==============================================================================

    Total RO  Size (Code + RO Data)                38164 (  37.27kB)
    Total RW  Size (RW Data + ZI Data)              3512 (   3.43kB)
    Total ROM Size (Code + RO Data + RW Data)      38304 (  37.41kB)

==============================================================================

